Archive member included because of file (symbol)

c:/program files/microchip/mplab c30/bin/bin/../../lib/PIC24F\libpPIC24Fxxx-coff.a(RtccReadDate.o)
                              uWatch-Main.o (RtccReadDate)
c:/program files/microchip/mplab c30/bin/bin/../../lib/PIC24F\libpPIC24Fxxx-coff.a(RtccReadTime.o)
                              uWatch-Main.o (RtccReadTime)
c:/program files/microchip/mplab c30/bin/bin/../../lib\libpic30-coff.a(crt1.o)
                              (_resetALT)
c:/program files/microchip/mplab c30/bin/bin/../../lib\libpic30-coff.a(crt0.o)
                              (_resetPRI)
c:/program files/microchip/mplab c30/bin/bin/../../lib\libm-coff.a(modsi3.o)
                              uWatch-Main.o (__modsi3)
c:/program files/microchip/mplab c30/bin/bin/../../lib\libm-coff.a(dgtge.o)
                              uWatch-Main.o (__gtdf2)
c:/program files/microchip/mplab c30/bin/bin/../../lib\libm-coff.a(deqltle.o)
                              uWatch-Main.o (__eqdf2)
c:/program files/microchip/mplab c30/bin/bin/../../lib\libm-coff.a(fixunsdfsi.o)
                              uWatch-Main.o (__fixunsdfsi)
c:/program files/microchip/mplab c30/bin/bin/../../lib\libm-coff.a(dne.o)
                              uWatch-Main.o (__nedf2)
c:/program files/microchip/mplab c30/bin/bin/../../lib\libm-coff.a(fixunsdfdi.o)
                              uWatch-Main.o (__fixunsdfdi)
c:/program files/microchip/mplab c30/bin/bin/../../lib\libm-coff.a(floatsidf.o)
                              uWatch-Main.o (__floatsidf)
c:/program files/microchip/mplab c30/bin/bin/../../lib\libm-coff.a(pow.o)
                              uWatch-Main.o (pow)
c:/program files/microchip/mplab c30/bin/bin/../../lib\libm-coff.a(fixdfsi.o)
                              uWatch-Main.o (__fixdfsi)
c:/program files/microchip/mplab c30/bin/bin/../../lib\libm-coff.a(adddf3.o)
                              uWatch-Main.o (__adddf3)
c:/program files/microchip/mplab c30/bin/bin/../../lib\libm-coff.a(muldf3.o)
                              uWatch-Main.o (__muldf3)
c:/program files/microchip/mplab c30/bin/bin/../../lib\libm-coff.a(subdf3.o)
                              uWatch-Main.o (__subdf3)
c:/program files/microchip/mplab c30/bin/bin/../../lib\libm-coff.a(divdf3.o)
                              uWatch-Main.o (__divdf3)
c:/program files/microchip/mplab c30/bin/bin/../../lib\libm-coff.a(sqrt.o)
                              uWatch-Main.o (sqrt)
c:/program files/microchip/mplab c30/bin/bin/../../lib\libm-coff.a(truncdfsf.o)
                              uWatch-Main.o (__truncdfsf2)
c:/program files/microchip/mplab c30/bin/bin/../../lib\libm-coff.a(mulsf3.o)
                              uWatch-Main.o (__mulsf3)
c:/program files/microchip/mplab c30/bin/bin/../../lib\libm-coff.a(extendsfdf.o)
                              uWatch-Main.o (__extendsfdf2)
c:/program files/microchip/mplab c30/bin/bin/../../lib\libm-coff.a(addsf3.o)
                              uWatch-Main.o (__subsf3)
c:/program files/microchip/mplab c30/bin/bin/../../lib\libm-coff.a(fgtge.o)
                              uWatch-Main.o (__gesf2)
c:/program files/microchip/mplab c30/bin/bin/../../lib\libm-coff.a(floor.o)
                              uWatch-astro.o (floor)
c:/program files/microchip/mplab c30/bin/bin/../../lib\libm-coff.a(sin.o)
                              uWatch-astro.o (sin)
c:/program files/microchip/mplab c30/bin/bin/../../lib\libm-coff.a(cos.o)
                              uWatch-astro.o (cos)
c:/program files/microchip/mplab c30/bin/bin/../../lib\libm-coff.a(atan.o)
                              uWatch-astro.o (atan)
c:/program files/microchip/mplab c30/bin/bin/../../lib\libm-coff.a(acos.o)
                              uWatch-astro.o (acos)
c:/program files/microchip/mplab c30/bin/bin/../../lib\libm-coff.a(divsi3.o)
                              uWatch-op.o (__divsi3)
c:/program files/microchip/mplab c30/bin/bin/../../lib\libm-coff.a(exp.o)
                              uWatch-op.o (exp)
c:/program files/microchip/mplab c30/bin/bin/../../lib\libm-coff.a(cosh.o)
                              uWatch-op.o (cosh)
c:/program files/microchip/mplab c30/bin/bin/../../lib\libm-coff.a(sinh.o)
                              uWatch-op.o (sinh)
c:/program files/microchip/mplab c30/bin/bin/../../lib\libm-coff.a(atan2.o)
                              uWatch-op.o (atan2)
c:/program files/microchip/mplab c30/bin/bin/../../lib\libm-coff.a(log.o)
                              uWatch-op.o (log)
c:/program files/microchip/mplab c30/bin/bin/../../lib\libm-coff.a(tan.o)
                              uWatch-op.o (tan)
c:/program files/microchip/mplab c30/bin/bin/../../lib\libm-coff.a(asin.o)
                              uWatch-op.o (asin)
c:/program files/microchip/mplab c30/bin/bin/../../lib\libm-coff.a(tanh.o)
                              uWatch-op.o (tanh)
[...]
Memory Configuration

Name             Origin             Length             Attributes
data             0x000800           0x002000           a !xr
reset            0x000000           0x000004  
ivt              0x000004           0x0000fc  
aivt             0x000104           0x0000fc  
program          0x000200           0x00a9fc           xr
config2          0x00abfc           0x000002  
config1          0x00abfe           0x000002  
*default*        0x000000           0xffffffff  

Linker script and memory map

LOAD uWatch-Main.o
LOAD RTCCInitClock.o
LOAD RtccReadTime.o
LOAD RtccReadDate.o
LOAD RtccWrOn.o
LOAD RtccWriteDate.o
LOAD RtccWriteTime.o
LOAD uWatch-astro.o
LOAD uWatch-op.o
LOAD c:/program files/microchip/mplab c30/bin/bin/../../lib/PIC24F\libpPIC24Fxxx-coff.a
                    0xabfc                  __CONFIG2 = 0xabfc
                    0xabfe                  __CONFIG1 = 0xabfe
                    0x0004                  __IVT_BASE = 0x4
                    0x0104                  __AIVT_BASE = 0x104
                    0x0800                  __DATA_BASE = 0x800
                    0x0200                  __CODE_BASE = 0x200

.reset            0x000000          0x4
                  0x000000          0x2 SHORT 0x200 <code 337> (__reset)
                  0x000001          0x2 SHORT 0x4
                  0x000002          0x2 SHORT 0x0 ((<code 337> (__reset) >> 0x10) & 0x7f)
                  0x000003          0x2 SHORT 0x0

.text             0x000200       0x36fa
 *(.init)
 .init            0x000200         0x88 c:/program files/microchip/mplab c30/bin/bin/../../lib\libpic30-coff.a(crt0.o)
                  0x000200                  _resetPRI
                  0x000200                  _reset
                  0x00021e                  _psv_init
                  0x00022e                  _data_init
 *(.user_init)
 *(.handle)
 .handle          0x000288         0x14 jump_table
 *(.libc)
 .libc            0x00029c          0xe c:/program files/microchip/mplab c30/bin/bin/../../lib\libc-coff.a(strlen.o)
                  0x00029c                  strlen
 .libc            0x0002aa         0x26 c:/program files/microchip/mplab c30/bin/bin/../../lib\libc-coff.a(strncpy.o)
                  0x0002aa                  strncpy
 .libc            0x0002d0         0x12 c:/program files/microchip/mplab c30/bin/bin/../../lib\libc-coff.a(strchr.o)
                  0x0002d0                  strchr
 .libc            0x0002e2         0x10 c:/program files/microchip/mplab c30/bin/bin/../../lib\libc-coff.a(strcpy.o)
                  0x0002e2                  strcpy
 .libc            0x0002f2         0x2e c:/program files/microchip/mplab c30/bin/bin/../../lib\libc-coff.a(sprintf.do)
                  0x0002f2                  sprintf.do:_prout
                  0x0002fe                  _isprintf
                  0x0002fe                  _dsprintf
 .libc            0x000320        0x128 c:/program files/microchip/mplab c30/bin/bin/../../lib\libc-coff.a(xstoul.o)
                  0x000320                  _Stoul
 .libc            0x000448        0x170 c:/program files/microchip/mplab c30/bin/bin/../../lib\libc-coff.a(xstold.o)
                  0x000448                  _Stold
 .libc            0x0005b8         0x16 c:/program files/microchip/mplab c30/bin/bin/../../lib\libc-coff.a(strrchr.o)
                  0x0005b8                  strrchr
 .libc            0x0005ce          0xe c:/program files/microchip/mplab c30/bin/bin/../../lib\libc-coff.a(memset.o)
                  0x0005ce                  memset
 .libc            0x0005dc          0xe c:/program files/microchip/mplab c30/bin/bin/../../lib\libc-coff.a(memcpy.o)
                  0x0005dc                  memcpy
 .libc            0x0005ea         0x1e c:/program files/microchip/mplab c30/bin/bin/../../lib\libc-coff.a(strcat.o)
                  0x0005ea                  strcat
 .libc            0x000608         0xaa c:/program files/microchip/mplab c30/bin/bin/../../lib\libc-coff.a(rand.o)
                  0x000608                  rand
 .libc            0x0006b2        0x172 c:/program files/microchip/mplab c30/bin/bin/../../lib\libc-coff.a(xprintf.do)
                  0x0006b2                  __dPrintf
                  0x0006b2                  __iPrintf
 .libc            0x000824         0x10 c:/program files/microchip/mplab c30/bin/bin/../../lib\libc-coff.a(isspace.os)
                  0x000824                  isspace
 .libc            0x000834          0xe c:/program files/microchip/mplab c30/bin/bin/../../lib\libc-coff.a(tolower.os)
                  0x000834                  tolower
 .libc            0x000842         0x14 c:/program files/microchip/mplab c30/bin/bin/../../lib\libc-coff.a(memchr.o)
                  0x000842                  memchr
 .libc            0x000856        0x10a c:/program files/microchip/mplab c30/bin/bin/../../lib\libc-coff.a(xstopfx.o)
                  0x000856                  _Stopfx
 .libc            0x000960        0x1c4 c:/program files/microchip/mplab c30/bin/bin/../../lib\libc-coff.a(xstoflt.o)
                  0x000960                  _Stoflt
 .libc            0x000b24        0x1ea c:/program files/microchip/mplab c30/bin/bin/../../lib\libc-coff.a(xstoxflt.o)
                  0x000b24                  _Stoxflt
 .libc            0x000d0e         0xf2 c:/program files/microchip/mplab c30/bin/bin/../../lib\libc-coff.a(xldscale.o)
                  0x000d0e                  _LDscale
 .libc            0x000e00        0x17a c:/program files/microchip/mplab c30/bin/bin/../../lib\libc-coff.a(xldtento.o)
                  0x000e34                  _LDtento
 .libc            0x000f7a          0xa c:/program files/microchip/mplab c30/bin/bin/../../lib\libc-coff.a(xvacopy.o)
                  0x000f7a                  _Vacopy
 .libc            0x000f84        0x2e6 c:/program files/microchip/mplab c30/bin/bin/../../lib\libc-coff.a(xputfld.do)
                  0x000f84                  __iPutfld
                  0x000f84                  __dPutfld
 .libc            0x00126a        0x194 c:/program files/microchip/mplab c30/bin/bin/../../lib\libc-coff.a(xputtxt.o)
                  0x00126a                  _Puttxt
 .libc            0x0013fe         0x1c c:/program files/microchip/mplab c30/bin/bin/../../lib\libc-coff.a(isalnum.os)
                  0x0013fe                  isalnum
 .libc            0x00141a         0x98 c:/program files/microchip/mplab c30/bin/bin/../../lib\libc-coff.a(xdnorm.o)
                  0x00141a                  _Dnorm
 .libc            0x0014b2         0x58 c:/program files/microchip/mplab c30/bin/bin/../../lib\libc-coff.a(xldunsca.o)
                  0x0014b2                  _LDunscale
 .libc            0x00150a         0x16 c:/program files/microchip/mplab c30/bin/bin/../../lib\libc-coff.a(xferaise.o)
                  0x00150a                  _Feraise
 .libc            0x001520        0x452 c:/program files/microchip/mplab c30/bin/bin/../../lib\libc-coff.a(xldtob.o)
                  0x001520                  _Ldtob
 .libc            0x001972        0x170 c:/program files/microchip/mplab c30/bin/bin/../../lib\libc-coff.a(xlitob.o)
                  0x001972                  _Litob
 .libc            0x001ae2         0x3a c:/program files/microchip/mplab c30/bin/bin/../../lib\libc-coff.a(ldiv.o)
                  0x001ae2                  ldiv
 .libc            0x001b1c        0x268 c:/program files/microchip/mplab c30/bin/bin/../../lib\libc-coff.a(xgenld.o)
                  0x001b1c                  _Genld
 .libc            0x001d84         0x16 c:/program files/microchip/mplab c30/bin/bin/../../lib\libc-coff.a(div.o)
                  0x001d84                  div
 *(.libm)
 .libm            0x001d9a         0x1e c:/program files/microchip/mplab c30/bin/bin/../../lib\libm-coff.a(modsi3.o)
                  0x001d9a                  __modsi3
 .libm            0x001db8          0xa c:/program files/microchip/mplab c30/bin/bin/../../lib\libm-coff.a(dgtge.o)
                  0x001db8                  __gtdf2
                  0x001db8                  __gedf2
 .libm            0x001dc2          0xa c:/program files/microchip/mplab c30/bin/bin/../../lib\libm-coff.a(deqltle.o)
                  0x001dc2                  __eqdf2
                  0x001dc2                  __ltdf2
                  0x001dc2                  __ledf2
 .libm            0x001dcc         0x4c c:/program files/microchip/mplab c30/bin/bin/../../lib\libm-coff.a(fixunsdfsi.o)
                  0x001dcc                  __fixunsdfsi
 .libm            0x001e18          0xa c:/program files/microchip/mplab c30/bin/bin/../../lib\libm-coff.a(dne.o)
                  0x001e18                  __nedf2
 .libm            0x001e22         0x62 c:/program files/microchip/mplab c30/bin/bin/../../lib\libm-coff.a(fixunsdfdi.o)
                  0x001e22                  __fixunsdfdi
 .libm            0x001e84          0x6 c:/program files/microchip/mplab c30/bin/bin/../../lib\libm-coff.a(floatsidf.o)
                  0x001e84                  __floatsidf
 .libm            0x001e8a        0x23c c:/program files/microchip/mplab c30/bin/bin/../../lib\libm-coff.a(pow.o)
                  0x001e8a                  pow
                  0x001e8a                  powl
 .libm            0x0020c6         0x58 c:/program files/microchip/mplab c30/bin/bin/../../lib\libm-coff.a(fixdfsi.o)
                  0x0020c6                  __fixdfsi
 .libm            0x00211e         0xfa c:/program files/microchip/mplab c30/bin/bin/../../lib\libm-coff.a(adddf3.o)
                  0x00211e                  __adddf3
 .libm            0x002218         0xea c:/program files/microchip/mplab c30/bin/bin/../../lib\libm-coff.a(muldf3.o)
                  0x002218                  __muldf3
 .libm            0x002302          0x4 c:/program files/microchip/mplab c30/bin/bin/../../lib\libm-coff.a(subdf3.o)
                  0x002302                  __subdf3
 .libm            0x002306         0xb4 c:/program files/microchip/mplab c30/bin/bin/../../lib\libm-coff.a(divdf3.o)
                  0x002306                  __divdf3
 .libm            0x0023ba         0xa0 c:/program files/microchip/mplab c30/bin/bin/../../lib\libm-coff.a(sqrt.o)
                  0x0023ba                  sqrtl
                  0x0023ba                  sqrt
 .libm            0x00245a         0x56 c:/program files/microchip/mplab c30/bin/bin/../../lib\libm-coff.a(truncdfsf.o)
                  0x00245a                  __truncdfsf2
 .libm            0x0024b0         0x68 c:/program files/microchip/mplab c30/bin/bin/../../lib\libm-coff.a(mulsf3.o)
                  0x0024b0                  __mulsf3
 .libm            0x002518         0x3e c:/program files/microchip/mplab c30/bin/bin/../../lib\libm-coff.a(extendsfdf.o)
                  0x002518                  __extendsfdf2
 .libm            0x002556         0xbc c:/program files/microchip/mplab c30/bin/bin/../../lib\libm-coff.a(addsf3.o)
                  0x002556                  __subsf3
                  0x002558                  __addsf3
 .libm            0x002612          0x4 c:/program files/microchip/mplab c30/bin/bin/../../lib\libm-coff.a(fgtge.o)
                  0x002612                  __gesf2
                  0x002612                  __gtsf2
 .libm            0x002616         0x12 c:/program files/microchip/mplab c30/bin/bin/../../lib\libm-coff.a(floor.o)
                  0x002616                  floor
                  0x002616                  floorl
 .libm            0x002628          0x4 c:/program files/microchip/mplab c30/bin/bin/../../lib\libm-coff.a(sin.o)
                  0x002628                  sin
                  0x002628                  sinl
 .libm            0x00262c          0x4 c:/program files/microchip/mplab c30/bin/bin/../../lib\libm-coff.a(cos.o)
                  0x00262c                  cos
                  0x00262c                  cosl
 .libm            0x002630        0x16c c:/program files/microchip/mplab c30/bin/bin/../../lib\libm-coff.a(atan.o)
                  0x002630                  atanl
                  0x002630                  atan
 .libm            0x00279c          0x4 c:/program files/microchip/mplab c30/bin/bin/../../lib\libm-coff.a(acos.o)
                  0x00279c                  acos
                  0x00279c                  acosl
 .libm            0x0027a0         0x1e c:/program files/microchip/mplab c30/bin/bin/../../lib\libm-coff.a(divsi3.o)
                  0x0027a0                  __divsi3
 .libm            0x0027be        0x130 c:/program files/microchip/mplab c30/bin/bin/../../lib\libm-coff.a(exp.o)
                  0x0027be                  exp
                  0x0027be                  expl
 .libm            0x0028ee         0x18 c:/program files/microchip/mplab c30/bin/bin/../../lib\libm-coff.a(cosh.o)
                  0x0028ee                  cosh
                  0x0028ee                  coshl
 .libm            0x002906         0xc8 c:/program files/microchip/mplab c30/bin/bin/../../lib\libm-coff.a(sinh.o)
                  0x002906                  sinhl
                  0x002906                  sinh
 .libm            0x0029ce         0x62 c:/program files/microchip/mplab c30/bin/bin/../../lib\libm-coff.a(atan2.o)
                  0x0029ce                  atan2
                  0x0029ce                  atan2l
 .libm            0x002a30        0x130 c:/program files/microchip/mplab c30/bin/bin/../../lib\libm-coff.a(log.o)
                  0x002a30                  log
                  0x002a30                  logl
 .libm            0x002b60        0x14c c:/program files/microchip/mplab c30/bin/bin/../../lib\libm-coff.a(tan.o)
                  0x002b60                  tanl
                  0x002b60                  tan
 .libm            0x002cac          0x4 c:/program files/microchip/mplab c30/bin/bin/../../lib\libm-coff.a(asin.o)
                  0x002cac                  asin
                  0x002cac                  asinl
 .libm            0x002cb0        0x100 c:/program files/microchip/mplab c30/bin/bin/../../lib\libm-coff.a(tanh.o)
                  0x002cb0                  tanhl
                  0x002cb0                  tanh
 .libm            0x002db0          0x6 c:/program files/microchip/mplab c30/bin/bin/../../lib\libm-coff.a(umodsi3.o)
                  0x002db0                  __umodsi3
 .libm            0x002db6         0x52 c:/program files/microchip/mplab c30/bin/bin/../../lib\libm-coff.a(dcompare.o)
                  0x002db6                  _dcompare
 .libm            0x002e08         0x4e c:/program files/microchip/mplab c30/bin/bin/../../lib\libm-coff.a(dunpack.o)
                  0x002e08                  _dunpack
 .libm            0x002e56         0x32 c:/program files/microchip/mplab c30/bin/bin/../../lib\libm-coff.a(dunpack2.o)
                  0x002e56                  _dunpack2
                  0x002e78                  _dreturnNaN
                  0x002e7e                  _dunpack2exit
 .libm            0x002e88         0x6e c:/program files/microchip/mplab c30/bin/bin/../../lib\libm-coff.a(floatdidf.o)
                  0x002e88                  __floatdidf
 .libm            0x002ef6         0x24 c:/program files/microchip/mplab c30/bin/bin/../../lib\libm-coff.a(dtype.o)
                  0x002ef6                  _dtype
 .libm            0x002f1a         0x88 c:/program files/microchip/mplab c30/bin/bin/../../lib\libm-coff.a(dchop.o)
                  0x002f1a                  _dchop
 .libm            0x002fa2         0x3a c:/program files/microchip/mplab c30/bin/bin/../../lib\libm-coff.a(frexp.o)
                  0x002fa2                  frexp
                  0x002fa2                  frexpl
 .libm            0x002fdc         0x66 c:/program files/microchip/mplab c30/bin/bin/../../lib\libm-coff.a(ldexp.o)
                  0x002fdc                  ldexp
                  0x002fdc                  ldexpl
 .libm            0x003042         0x58 c:/program files/microchip/mplab c30/bin/bin/../../lib\libm-coff.a(dpack.o)
                  0x003042                  _dpack
 .libm            0x00309a         0x4c c:/program files/microchip/mplab c30/bin/bin/../../lib\libm-coff.a(fpack.o)
                  0x00309a                  _fpack
 .libm            0x0030e6         0x10 c:/program files/microchip/mplab c30/bin/bin/../../lib\libm-coff.a(funpack2.o)
                  0x0030e6                  _funpack2
 .libm            0x0030f6         0x20 c:/program files/microchip/mplab c30/bin/bin/../../lib\libm-coff.a(futil.o)
                  0x0030f6                  _fPropagateNaN
                  0x003108                  _fbopExit
                  0x003110                  _fbopReturnNaN
 .libm            0x003116         0x2a c:/program files/microchip/mplab c30/bin/bin/../../lib\libm-coff.a(funpack.o)
                  0x003116                  _funpack
 .libm            0x003140         0x36 c:/program files/microchip/mplab c30/bin/bin/../../lib\libm-coff.a(fcompare.o)
                  0x003140                  _fcompare
 .libm            0x003176        0x15a c:/program files/microchip/mplab c30/bin/bin/../../lib\libm-coff.a(sincos.o)
                  0x003176                  _sincos
 .libm            0x0032d0        0x17e c:/program files/microchip/mplab c30/bin/bin/../../lib\libm-coff.a(asinacos.o)
                  0x0032d0                  _asinacos
 .libm            0x00344e         0x20 c:/program files/microchip/mplab c30/bin/bin/../../lib\libm-coff.a(udivsi3.o)
                  0x00344e                  __udivsi3
 .libm            0x00346e         0x68 c:/program files/microchip/mplab c30/bin/bin/../../lib\libm-coff.a(sinhcosh.o)
                  0x00346e                  __sinhcosh
 .libm            0x0034d6          0x8 c:/program files/microchip/mplab c30/bin/bin/../../lib\libm-coff.a(fmod.o)
                  0x0034d6                  fmod
                  0x0034d6                  fmodl
 .libm            0x0034de         0x1c c:/program files/microchip/mplab c30/bin/bin/../../lib\libm-coff.a(dpropagateNaN.o)
                  0x0034de                  _dPropagateNaN
 .libm            0x0034fa         0xd0 c:/program files/microchip/mplab c30/bin/bin/../../lib\libm-coff.a(dmodrem.o)
                  0x0034fa                  _dmodrem
 .libm            0x0035ca          0xc c:/program files/microchip/mplab c30/bin/bin/../../lib\libm-coff.a(mulsi3.o)
                  0x0035ca                  __mulsi3
 .libm            0x0035d6        0x216 c:/program files/microchip/mplab c30/bin/bin/../../lib\libm-coff.a(divmoddi3.o)
                  0x0035fc                  __udivmoddi3
                  0x0036ca                  __udivdi3
                  0x0036d8                  __umoddi3
                  0x0036e0                  __divdi3
                  0x00371a                  __moddi3
 .libm            0x0037ec         0x5c c:/program files/microchip/mplab c30/bin/bin/../../lib\libm-coff.a(muldi3.o)
                  0x0037ec                  __muldi3
 .libm            0x003848         0x44 c:/program files/microchip/mplab c30/bin/bin/../../lib\libm-coff.a(umuldi3.o)
                  0x003848                  __umuldi3
 *(.libdsp)
 *(.lib*)
 .libperi         0x00388c          0x8 uWatch-Main.o
                  0x00388c                  OpenTimer1
 .libperi         0x003894         0x3c c:/program files/microchip/mplab c30/bin/bin/../../lib/PIC24F\libpPIC24Fxxx-coff.a(RtccReadDate.o)
                  0x003894                  RtccReadDate
 .libperi         0x0038d0         0x2a c:/program files/microchip/mplab c30/bin/bin/../../lib/PIC24F\libpPIC24Fxxx-coff.a(RtccReadTime.o)
                  0x0038d0                  RtccReadTime

__CONFIG2         0x00abfc          0x2
 *(__CONFIG2.sec)
 __CONFIG2.sec    0x00abfc          0x2 uWatch-Main.o

__CONFIG1         0x00abfe          0x2
 *(__CONFIG1.sec)
 __CONFIG1.sec    0x00abfe          0x2 uWatch-Main.o

.comment
 *(.comment)

.debug_info
 *(.debug_info)
 *(.gnu.linkonce.wi.*)

.debug_abbrev
 *(.debug_abbrev)

.debug_line
 *(.debug_line)

.debug_frame
 *(.debug_frame)

.debug_str
 *(.debug_str)

.debug_loc
 *(.debug_loc)

.debug_macinfo
 *(.debug_macinfo)

.debug_pubnames
 *(.debug_pubnames)

.debug_ranges
 *(.debug_ranges)

.debug_aranges
 *(.debug_aranges)

.ivt              0x000004         0xfc
                  0x000004          0x4 LONG 0xa06e DEFINED (__ReservedTrap0)?<code 337> (__ReservedTrap0):<code 337> (__DefaultInterrupt)
                  0x000006          0x4 LONG 0xa06e DEFINED (__OscillatorFail)?<code 337> (__OscillatorFail):<code 337> (__DefaultInterrupt)
                  0x000008          0x4 LONG 0xa06e DEFINED (__AddressError)?<code 337> (__AddressError):<code 337> (__DefaultInterrupt)
                  0x00000a          0x4 LONG 0xa06e DEFINED (__StackError)?<code 337> (__StackError):<code 337> (__DefaultInterrupt)
                  0x00000c          0x4 LONG 0xa06e DEFINED (__MathError)?<code 337> (__MathError):<code 337> (__DefaultInterrupt)
                  0x00000e          0x4 LONG 0xa06e DEFINED (__ReservedTrap5)?<code 337> (__ReservedTrap5):<code 337> (__DefaultInterrupt)
                  0x000010          0x4 LONG 0xa06e DEFINED (__ReservedTrap6)?<code 337> (__ReservedTrap6):<code 337> (__DefaultInterrupt)
                  0x000012          0x4 LONG 0xa06e DEFINED (__ReservedTrap7)?<code 337> (__ReservedTrap7):<code 337> (__DefaultInterrupt)
                  0x000014          0x4 LONG 0xa06e DEFINED (__INT0Interrupt)?<code 337> (__INT0Interrupt):<code 337> (__DefaultInterrupt)
                  0x000016          0x4 LONG 0xa06e DEFINED (__IC1Interrupt)?<code 337> (__IC1Interrupt):<code 337> (__DefaultInterrupt)
                  0x000018          0x4 LONG 0xa06e DEFINED (__OC1Interrupt)?<code 337> (__OC1Interrupt):<code 337> (__DefaultInterrupt)
                  0x00001a          0x4 LONG 0x7b80 DEFINED (__T1Interrupt)?<code 337> (__T1Interrupt):<code 337> (__DefaultInterrupt)
                  0x00001c          0x4 LONG 0xa06e DEFINED (__Interrupt4)?<code 337> (__Interrupt4):<code 337> (__DefaultInterrupt)
                  0x00001e          0x4 LONG 0xa06e DEFINED (__IC2Interrupt)?<code 337> (__IC2Interrupt):<code 337> (__DefaultInterrupt)
                  0x000020          0x4 LONG 0xa06e DEFINED (__OC2Interrupt)?<code 337> (__OC2Interrupt):<code 337> (__DefaultInterrupt)
                  0x000022          0x4 LONG 0xa06e DEFINED (__T2Interrupt)?<code 337> (__T2Interrupt):<code 337> (__DefaultInterrupt)
                  0x000024          0x4 LONG 0xa06e DEFINED (__T3Interrupt)?<code 337> (__T3Interrupt):<code 337> (__DefaultInterrupt)
                  0x000026          0x4 LONG 0xa06e DEFINED (__SPI1ErrInterrupt)?<code 337> (__SPI1ErrInterrupt):<code 337> (__DefaultInterrupt)
                  0x000028          0x4 LONG 0xa06e DEFINED (__SPI1Interrupt)?<code 337> (__SPI1Interrupt):<code 337> (__DefaultInterrupt)
                  0x00002a          0x4 LONG 0xa06e DEFINED (__U1RXInterrupt)?<code 337> (__U1RXInterrupt):<code 337> (__DefaultInterrupt)
                  0x00002c          0x4 LONG 0xa06e DEFINED (__U1TXInterrupt)?<code 337> (__U1TXInterrupt):<code 337> (__DefaultInterrupt)
                  0x00002e          0x4 LONG 0xa06e DEFINED (__ADC1Interrupt)?<code 337> (__ADC1Interrupt):<code 337> (__DefaultInterrupt)
                  0x000030          0x4 LONG 0xa06e DEFINED (__Interrupt14)?<code 337> (__Interrupt14):<code 337> (__DefaultInterrupt)
                  0x000032          0x4 LONG 0xa06e DEFINED (__Interrupt15)?<code 337> (__Interrupt15):<code 337> (__DefaultInterrupt)
                  0x000034          0x4 LONG 0xa06e DEFINED (__SI2C1Interrupt)?<code 337> (__SI2C1Interrupt):<code 337> (__DefaultInterrupt)
                  0x000036          0x4 LONG 0xa06e DEFINED (__MI2C1Interrupt)?<code 337> (__MI2C1Interrupt):<code 337> (__DefaultInterrupt)
                  0x000038          0x4 LONG 0xa06e DEFINED (__CompInterrupt)?<code 337> (__CompInterrupt):<code 337> (__DefaultInterrupt)
                  0x00003a          0x4 LONG 0xa06e DEFINED (__CNInterrupt)?<code 337> (__CNInterrupt):<code 337> (__DefaultInterrupt)
                  0x00003c          0x4 LONG 0xa06e DEFINED (__INT1Interrupt)?<code 337> (__INT1Interrupt):<code 337> (__DefaultInterrupt)
                  0x00003e          0x4 LONG 0xa06e DEFINED (__Interrupt21)?<code 337> (__Interrupt21):<code 337> (__DefaultInterrupt)
                  0x000040          0x4 LONG 0xa06e DEFINED (__Interrupt22)?<code 337> (__Interrupt22):<code 337> (__DefaultInterrupt)
                  0x000042          0x4 LONG 0xa06e DEFINED (__Interrupt23)?<code 337> (__Interrupt23):<code 337> (__DefaultInterrupt)
                  0x000044          0x4 LONG 0xa06e DEFINED (__Interrupt24)?<code 337> (__Interrupt24):<code 337> (__DefaultInterrupt)
                  0x000046          0x4 LONG 0xa06e DEFINED (__OC3Interrupt)?<code 337> (__OC3Interrupt):<code 337> (__DefaultInterrupt)
                  0x000048          0x4 LONG 0xa06e DEFINED (__OC4Interrupt)?<code 337> (__OC4Interrupt):<code 337> (__DefaultInterrupt)
                  0x00004a          0x4 LONG 0xa06e DEFINED (__T4Interrupt)?<code 337> (__T4Interrupt):<code 337> (__DefaultInterrupt)
                  0x00004c          0x4 LONG 0xa06e DEFINED (__T5Interrupt)?<code 337> (__T5Interrupt):<code 337> (__DefaultInterrupt)
                  0x00004e          0x4 LONG 0xa06e DEFINED (__INT2Interrupt)?<code 337> (__INT2Interrupt):<code 337> (__DefaultInterrupt)
                  0x000050          0x4 LONG 0xa06e DEFINED (__U2RXInterrupt)?<code 337> (__U2RXInterrupt):<code 337> (__DefaultInterrupt)
                  0x000052          0x4 LONG 0xa06e DEFINED (__U2TXInterrupt)?<code 337> (__U2TXInterrupt):<code 337> (__DefaultInterrupt)
                  0x000054          0x4 LONG 0xa06e DEFINED (__SPI2ErrInterrupt)?<code 337> (__SPI2ErrInterrupt):<code 337> (__DefaultInterrupt)
                  0x000056          0x4 LONG 0xa06e DEFINED (__SPI2Interrupt)?<code 337> (__SPI2Interrupt):<code 337> (__DefaultInterrupt)
                  0x000058          0x4 LONG 0xa06e DEFINED (__Interrupt34)?<code 337> (__Interrupt34):<code 337> (__DefaultInterrupt)
                  0x00005a          0x4 LONG 0xa06e DEFINED (__Interrupt35)?<code 337> (__Interrupt35):<code 337> (__DefaultInterrupt)
                  0x00005c          0x4 LONG 0xa06e DEFINED (__Interrupt36)?<code 337> (__Interrupt36):<code 337> (__DefaultInterrupt)
                  0x00005e          0x4 LONG 0xa06e DEFINED (__IC3Interrupt)?<code 337> (__IC3Interrupt):<code 337> (__DefaultInterrupt)
                  0x000060          0x4 LONG 0xa06e DEFINED (__IC4Interrupt)?<code 337> (__IC4Interrupt):<code 337> (__DefaultInterrupt)
                  0x000062          0x4 LONG 0xa06e DEFINED (__IC5Interrupt)?<code 337> (__IC5Interrupt):<code 337> (__DefaultInterrupt)
                  0x000064          0x4 LONG 0xa06e DEFINED (__Interrupt40)?<code 337> (__Interrupt40):<code 337> (__DefaultInterrupt)
                  0x000066          0x4 LONG 0xa06e DEFINED (__OC5Interrupt)?<code 337> (__OC5Interrupt):<code 337> (__DefaultInterrupt)
                  0x000068          0x4 LONG 0xa06e DEFINED (__Interrupt42)?<code 337> (__Interrupt42):<code 337> (__DefaultInterrupt)
                  0x00006a          0x4 LONG 0xa06e DEFINED (__Interrupt43)?<code 337> (__Interrupt43):<code 337> (__DefaultInterrupt)
                  0x00006c          0x4 LONG 0xa06e DEFINED (__Interrupt44)?<code 337> (__Interrupt44):<code 337> (__DefaultInterrupt)
                  0x00006e          0x4 LONG 0xa06e DEFINED (__PMPInterrupt)?<code 337> (__PMPInterrupt):<code 337> (__DefaultInterrupt)
                  0x000070          0x4 LONG 0xa06e DEFINED (__Interrupt46)?<code 337> (__Interrupt46):<code 337> (__DefaultInterrupt)
                  0x000072          0x4 LONG 0xa06e DEFINED (__Interrupt47)?<code 337> (__Interrupt47):<code 337> (__DefaultInterrupt)
                  0x000074          0x4 LONG 0xa06e DEFINED (__Interrupt48)?<code 337> (__Interrupt48):<code 337> (__DefaultInterrupt)
                  0x000076          0x4 LONG 0xa06e DEFINED (__SI2C2Interrupt)?<code 337> (__SI2C2Interrupt):<code 337> (__DefaultInterrupt)
                  0x000078          0x4 LONG 0xa06e DEFINED (__MI2C2Interrupt)?<code 337> (__MI2C2Interrupt):<code 337> (__DefaultInterrupt)
                  0x00007a          0x4 LONG 0xa06e DEFINED (__Interrupt51)?<code 337> (__Interrupt51):<code 337> (__DefaultInterrupt)
                  0x00007c          0x4 LONG 0xa06e DEFINED (__Interrupt52)?<code 337> (__Interrupt52):<code 337> (__DefaultInterrupt)
                  0x00007e          0x4 LONG 0xa06e DEFINED (__Interrupt53)?<code 337> (__Interrupt53):<code 337> (__DefaultInterrupt)
                  0x000080          0x4 LONG 0xa06e DEFINED (__Interrupt54)?<code 337> (__Interrupt54):<code 337> (__DefaultInterrupt)
                  0x000082          0x4 LONG 0xa06e DEFINED (__Interrupt55)?<code 337> (__Interrupt55):<code 337> (__DefaultInterrupt)
                  0x000084          0x4 LONG 0xa06e DEFINED (__Interrupt56)?<code 337> (__Interrupt56):<code 337> (__DefaultInterrupt)
                  0x000086          0x4 LONG 0xa06e DEFINED (__Interrupt57)?<code 337> (__Interrupt57):<code 337> (__DefaultInterrupt)
                  0x000088          0x4 LONG 0xa06e DEFINED (__Interrupt58)?<code 337> (__Interrupt58):<code 337> (__DefaultInterrupt)
                  0x00008a          0x4 LONG 0xa06e DEFINED (__Interrupt59)?<code 337> (__Interrupt59):<code 337> (__DefaultInterrupt)
                  0x00008c          0x4 LONG 0xa06e DEFINED (__Interrupt60)?<code 337> (__Interrupt60):<code 337> (__DefaultInterrupt)
                  0x00008e          0x4 LONG 0xa06e DEFINED (__Interrupt61)?<code 337> (__Interrupt61):<code 337> (__DefaultInterrupt)
                  0x000090          0x4 LONG 0xa06e DEFINED (__RTCCInterrupt)?<code 337> (__RTCCInterrupt):<code 337> (__DefaultInterrupt)
                  0x000092          0x4 LONG 0xa06e DEFINED (__Interrupt63)?<code 337> (__Interrupt63):<code 337> (__DefaultInterrupt)
                  0x000094          0x4 LONG 0xa06e DEFINED (__Interrupt64)?<code 337> (__Interrupt64):<code 337> (__DefaultInterrupt)
                  0x000096          0x4 LONG 0xa06e DEFINED (__U1ErrInterrupt)?<code 337> (__U1ErrInterrupt):<code 337> (__DefaultInterrupt)
                  0x000098          0x4 LONG 0xa06e DEFINED (__U2ErrInterrupt)?<code 337> (__U2ErrInterrupt):<code 337> (__DefaultInterrupt)
                  0x00009a          0x4 LONG 0xa06e DEFINED (__CRCInterrupt)?<code 337> (__CRCInterrupt):<code 337> (__DefaultInterrupt)
                  0x00009c          0x4 LONG 0xa06e DEFINED (__Interrupt68)?<code 337> (__Interrupt68):<code 337> (__DefaultInterrupt)
                  0x00009e          0x4 LONG 0xa06e DEFINED (__Interrupt69)?<code 337> (__Interrupt69):<code 337> (__DefaultInterrupt)
                  0x0000a0          0x4 LONG 0xa06e DEFINED (__Interrupt70)?<code 337> (__Interrupt70):<code 337> (__DefaultInterrupt)
                  0x0000a2          0x4 LONG 0xa06e DEFINED (__Interrupt71)?<code 337> (__Interrupt71):<code 337> (__DefaultInterrupt)
                  0x0000a4          0x4 LONG 0xa06e DEFINED (__LVDInterrupt)?<code 337> (__LVDInterrupt):<code 337> (__DefaultInterrupt)
                  0x0000a6          0x4 LONG 0xa06e DEFINED (__Interrupt73)?<code 337> (__Interrupt73):<code 337> (__DefaultInterrupt)
                  0x0000a8          0x4 LONG 0xa06e DEFINED (__Interrupt74)?<code 337> (__Interrupt74):<code 337> (__DefaultInterrupt)
                  0x0000aa          0x4 LONG 0xa06e DEFINED (__Interrupt75)?<code 337> (__Interrupt75):<code 337> (__DefaultInterrupt)
                  0x0000ac          0x4 LONG 0xa06e DEFINED (__Interrupt76)?<code 337> (__Interrupt76):<code 337> (__DefaultInterrupt)
                  0x0000ae          0x4 LONG 0xa06e DEFINED (__Interrupt77)?<code 337> (__Interrupt77):<code 337> (__DefaultInterrupt)
                  0x0000b0          0x4 LONG 0xa06e DEFINED (__Interrupt78)?<code 337> (__Interrupt78):<code 337> (__DefaultInterrupt)
                  0x0000b2          0x4 LONG 0xa06e DEFINED (__Interrupt79)?<code 337> (__Interrupt79):<code 337> (__DefaultInterrupt)
                  0x0000b4          0x4 LONG 0xa06e DEFINED (__Interrupt80)?<code 337> (__Interrupt80):<code 337> (__DefaultInterrupt)
                  0x0000b6          0x4 LONG 0xa06e DEFINED (__Interrupt81)?<code 337> (__Interrupt81):<code 337> (__DefaultInterrupt)
                  0x0000b8          0x4 LONG 0xa06e DEFINED (__Interrupt82)?<code 337> (__Interrupt82):<code 337> (__DefaultInterrupt)
                  0x0000ba          0x4 LONG 0xa06e DEFINED (__Interrupt83)?<code 337> (__Interrupt83):<code 337> (__DefaultInterrupt)
                  0x0000bc          0x4 LONG 0xa06e DEFINED (__Interrupt84)?<code 337> (__Interrupt84):<code 337> (__DefaultInterrupt)
                  0x0000be          0x4 LONG 0xa06e DEFINED (__Interrupt85)?<code 337> (__Interrupt85):<code 337> (__DefaultInterrupt)
                  0x0000c0          0x4 LONG 0xa06e DEFINED (__Interrupt86)?<code 337> (__Interrupt86):<code 337> (__DefaultInterrupt)
                  0x0000c2          0x4 LONG 0xa06e DEFINED (__Interrupt87)?<code 337> (__Interrupt87):<code 337> (__DefaultInterrupt)
                  0x0000c4          0x4 LONG 0xa06e DEFINED (__Interrupt88)?<code 337> (__Interrupt88):<code 337> (__DefaultInterrupt)
                  0x0000c6          0x4 LONG 0xa06e DEFINED (__Interrupt89)?<code 337> (__Interrupt89):<code 337> (__DefaultInterrupt)
                  0x0000c8          0x4 LONG 0xa06e DEFINED (__Interrupt90)?<code 337> (__Interrupt90):<code 337> (__DefaultInterrupt)
                  0x0000ca          0x4 LONG 0xa06e DEFINED (__Interrupt91)?<code 337> (__Interrupt91):<code 337> (__DefaultInterrupt)
                  0x0000cc          0x4 LONG 0xa06e DEFINED (__Interrupt92)?<code 337> (__Interrupt92):<code 337> (__DefaultInterrupt)
                  0x0000ce          0x4 LONG 0xa06e DEFINED (__Interrupt93)?<code 337> (__Interrupt93):<code 337> (__DefaultInterrupt)
                  0x0000d0          0x4 LONG 0xa06e DEFINED (__Interrupt94)?<code 337> (__Interrupt94):<code 337> (__DefaultInterrupt)
                  0x0000d2          0x4 LONG 0xa06e DEFINED (__Interrupt95)?<code 337> (__Interrupt95):<code 337> (__DefaultInterrupt)
                  0x0000d4          0x4 LONG 0xa06e DEFINED (__Interrupt96)?<code 337> (__Interrupt96):<code 337> (__DefaultInterrupt)
                  0x0000d6          0x4 LONG 0xa06e DEFINED (__Interrupt97)?<code 337> (__Interrupt97):<code 337> (__DefaultInterrupt)
                  0x0000d8          0x4 LONG 0xa06e DEFINED (__Interrupt98)?<code 337> (__Interrupt98):<code 337> (__DefaultInterrupt)
                  0x0000da          0x4 LONG 0xa06e DEFINED (__Interrupt99)?<code 337> (__Interrupt99):<code 337> (__DefaultInterrupt)
                  0x0000dc          0x4 LONG 0xa06e DEFINED (__Interrupt100)?<code 337> (__Interrupt100):<code 337> (__DefaultInterrupt)
                  0x0000de          0x4 LONG 0xa06e DEFINED (__Interrupt101)?<code 337> (__Interrupt101):<code 337> (__DefaultInterrupt)
                  0x0000e0          0x4 LONG 0xa06e DEFINED (__Interrupt102)?<code 337> (__Interrupt102):<code 337> (__DefaultInterrupt)
                  0x0000e2          0x4 LONG 0xa06e DEFINED (__Interrupt103)?<code 337> (__Interrupt103):<code 337> (__DefaultInterrupt)
                  0x0000e4          0x4 LONG 0xa06e DEFINED (__Interrupt104)?<code 337> (__Interrupt104):<code 337> (__DefaultInterrupt)
                  0x0000e6          0x4 LONG 0xa06e DEFINED (__Interrupt105)?<code 337> (__Interrupt105):<code 337> (__DefaultInterrupt)
                  0x0000e8          0x4 LONG 0xa06e DEFINED (__Interrupt106)?<code 337> (__Interrupt106):<code 337> (__DefaultInterrupt)
                  0x0000ea          0x4 LONG 0xa06e DEFINED (__Interrupt107)?<code 337> (__Interrupt107):<code 337> (__DefaultInterrupt)
                  0x0000ec          0x4 LONG 0xa06e DEFINED (__Interrupt108)?<code 337> (__Interrupt108):<code 337> (__DefaultInterrupt)
                  0x0000ee          0x4 LONG 0xa06e DEFINED (__Interrupt109)?<code 337> (__Interrupt109):<code 337> (__DefaultInterrupt)
                  0x0000f0          0x4 LONG 0xa06e DEFINED (__Interrupt110)?<code 337> (__Interrupt110):<code 337> (__DefaultInterrupt)
                  0x0000f2          0x4 LONG 0xa06e DEFINED (__Interrupt111)?<code 337> (__Interrupt111):<code 337> (__DefaultInterrupt)
                  0x0000f4          0x4 LONG 0xa06e DEFINED (__Interrupt112)?<code 337> (__Interrupt112):<code 337> (__DefaultInterrupt)
                  0x0000f6          0x4 LONG 0xa06e DEFINED (__Interrupt113)?<code 337> (__Interrupt113):<code 337> (__DefaultInterrupt)
                  0x0000f8          0x4 LONG 0xa06e DEFINED (__Interrupt114)?<code 337> (__Interrupt114):<code 337> (__DefaultInterrupt)
                  0x0000fa          0x4 LONG 0xa06e DEFINED (__Interrupt115)?<code 337> (__Interrupt115):<code 337> (__DefaultInterrupt)
                  0x0000fc          0x4 LONG 0xa06e DEFINED (__Interrupt116)?<code 337> (__Interrupt116):<code 337> (__DefaultInterrupt)
                  0x0000fe          0x4 LONG 0xa06e DEFINED (__Interrupt117)?<code 337> (__Interrupt117):<code 337> (__DefaultInterrupt)

.aivt             0x000104         0xfc
                  0x000104          0x4 LONG 0xa06e DEFINED (__AltReservedTrap0)?<code 337> (__AltReservedTrap0):DEFINED (__ReservedTrap0)?<code 337> (__ReservedTrap0):<code 337> (__DefaultInterrupt)
                  0x000106          0x4 LONG 0xa06e DEFINED (__AltOscillatorFail)?<code 337> (__AltOscillatorFail):DEFINED (__OscillatorFail)?<code 337> (__OscillatorFail):<code 337> (__DefaultInterrupt)
                  0x000108          0x4 LONG 0xa06e DEFINED (__AltAddressError)?<code 337> (__AltAddressError):DEFINED (__AddressError)?<code 337> (__AddressError):<code 337> (__DefaultInterrupt)
                  0x00010a          0x4 LONG 0xa06e DEFINED (__AltStackError)?<code 337> (__AltStackError):DEFINED (__StackError)?<code 337> (__StackError):<code 337> (__DefaultInterrupt)
                  0x00010c          0x4 LONG 0xa06e DEFINED (__AltMathError)?<code 337> (__AltMathError):DEFINED (__MathError)?<code 337> (__MathError):<code 337> (__DefaultInterrupt)
                  0x00010e          0x4 LONG 0xa06e DEFINED (__AltReservedTrap5)?<code 337> (__AltReservedTrap5):DEFINED (__ReservedTrap5)?<code 337> (__ReservedTrap5):<code 337> (__DefaultInterrupt)
                  0x000110          0x4 LONG 0xa06e DEFINED (__AltReservedTrap6)?<code 337> (__AltReservedTrap6):DEFINED (__ReservedTrap6)?<code 337> (__ReservedTrap6):<code 337> (__DefaultInterrupt)
                  0x000112          0x4 LONG 0xa06e DEFINED (__AltReservedTrap7)?<code 337> (__AltReservedTrap7):DEFINED (__ReservedTrap7)?<code 337> (__ReservedTrap7):<code 337> (__DefaultInterrupt)
                  0x000114          0x4 LONG 0xa06e DEFINED (__AltINT0Interrupt)?<code 337> (__AltINT0Interrupt):DEFINED (__INT0Interrupt)?<code 337> (__INT0Interrupt):<code 337> (__DefaultInterrupt)
                  0x000116          0x4 LONG 0xa06e DEFINED (__AltIC1Interrupt)?<code 337> (__AltIC1Interrupt):DEFINED (__IC1Interrupt)?<code 337> (__IC1Interrupt):<code 337> (__DefaultInterrupt)
                  0x000118          0x4 LONG 0xa06e DEFINED (__AltOC1Interrupt)?<code 337> (__AltOC1Interrupt):DEFINED (__OC1Interrupt)?<code 337> (__OC1Interrupt):<code 337> (__DefaultInterrupt)
                  0x00011a          0x4 LONG 0x7b80 DEFINED (__AltT1Interrupt)?<code 337> (__AltT1Interrupt):DEFINED (__T1Interrupt)?<code 337> (__T1Interrupt):<code 337> (__DefaultInterrupt)
                  0x00011c          0x4 LONG 0xa06e DEFINED (__AltInterrupt4)?<code 337> (__AltInterrupt4):DEFINED (__Interrupt4)?<code 337> (__Interrupt4):<code 337> (__DefaultInterrupt)
                  0x00011e          0x4 LONG 0xa06e DEFINED (__AltIC2Interrupt)?<code 337> (__AltIC2Interrupt):DEFINED (__IC2Interrupt)?<code 337> (__IC2Interrupt):<code 337> (__DefaultInterrupt)
                  0x000120          0x4 LONG 0xa06e DEFINED (__AltOC2Interrupt)?<code 337> (__AltOC2Interrupt):DEFINED (__OC2Interrupt)?<code 337> (__OC2Interrupt):<code 337> (__DefaultInterrupt)
                  0x000122          0x4 LONG 0xa06e DEFINED (__AltT2Interrupt)?<code 337> (__AltT2Interrupt):DEFINED (__T2Interrupt)?<code 337> (__T2Interrupt):<code 337> (__DefaultInterrupt)
                  0x000124          0x4 LONG 0xa06e DEFINED (__AltT3Interrupt)?<code 337> (__AltT3Interrupt):DEFINED (__T3Interrupt)?<code 337> (__T3Interrupt):<code 337> (__DefaultInterrupt)
                  0x000126          0x4 LONG 0xa06e DEFINED (__AltSPI1ErrInterrupt)?<code 337> (__AltSPI1ErrInterrupt):DEFINED (__SPI1ErrInterrupt)?<code 337> (__SPI1ErrInterrupt):<code 337> (__DefaultInterrupt)
                  0x000128          0x4 LONG 0xa06e DEFINED (__AltSPI1Interrupt)?<code 337> (__AltSPI1Interrupt):DEFINED (__SPI1Interrupt)?<code 337> (__SPI1Interrupt):<code 337> (__DefaultInterrupt)
                  0x00012a          0x4 LONG 0xa06e DEFINED (__AltU1RXInterrupt)?<code 337> (__AltU1RXInterrupt):DEFINED (__U1RXInterrupt)?<code 337> (__U1RXInterrupt):<code 337> (__DefaultInterrupt)
                  0x00012c          0x4 LONG 0xa06e DEFINED (__AltU1TXInterrupt)?<code 337> (__AltU1TXInterrupt):DEFINED (__U1TXInterrupt)?<code 337> (__U1TXInterrupt):<code 337> (__DefaultInterrupt)
                  0x00012e          0x4 LONG 0xa06e DEFINED (__AltADC1Interrupt)?<code 337> (__AltADC1Interrupt):DEFINED (__ADC1Interrupt)?<code 337> (__ADC1Interrupt):<code 337> (__DefaultInterrupt)
                  0x000130          0x4 LONG 0xa06e DEFINED (__AltInterrupt14)?<code 337> (__AltInterrupt14):DEFINED (__Interrupt14)?<code 337> (__Interrupt14):<code 337> (__DefaultInterrupt)
                  0x000132          0x4 LONG 0xa06e DEFINED (__AltInterrupt15)?<code 337> (__AltInterrupt15):DEFINED (__Interrupt15)?<code 337> (__Interrupt15):<code 337> (__DefaultInterrupt)
                  0x000134          0x4 LONG 0xa06e DEFINED (__AltSI2C1Interrupt)?<code 337> (__AltSI2C1Interrupt):DEFINED (__SI2C1Interrupt)?<code 337> (__SI2C1Interrupt):<code 337> (__DefaultInterrupt)
                  0x000136          0x4 LONG 0xa06e DEFINED (__AltMI2C1Interrupt)?<code 337> (__AltMI2C1Interrupt):DEFINED (__MI2C1Interrupt)?<code 337> (__MI2C1Interrupt):<code 337> (__DefaultInterrupt)
                  0x000138          0x4 LONG 0xa06e DEFINED (__AltCompInterrupt)?<code 337> (__AltCompInterrupt):DEFINED (__CompInterrupt)?<code 337> (__CompInterrupt):<code 337> (__DefaultInterrupt)
                  0x00013a          0x4 LONG 0xa06e DEFINED (__AltCNInterrupt)?<code 337> (__AltCNInterrupt):DEFINED (__CNInterrupt)?<code 337> (__CNInterrupt):<code 337> (__DefaultInterrupt)
                  0x00013c          0x4 LONG 0xa06e DEFINED (__AltINT1Interrupt)?<code 337> (__AltINT1Interrupt):DEFINED (__INT1Interrupt)?<code 337> (__INT1Interrupt):<code 337> (__DefaultInterrupt)
                  0x00013e          0x4 LONG 0xa06e DEFINED (__AltInterrupt21)?<code 337> (__AltInterrupt21):DEFINED (__Interrupt21)?<code 337> (__Interrupt21):<code 337> (__DefaultInterrupt)
                  0x000140          0x4 LONG 0xa06e DEFINED (__AltInterrupt22)?<code 337> (__AltInterrupt22):DEFINED (__Interrupt22)?<code 337> (__Interrupt22):<code 337> (__DefaultInterrupt)
                  0x000142          0x4 LONG 0xa06e DEFINED (__AltInterrupt23)?<code 337> (__AltInterrupt23):DEFINED (__Interrupt23)?<code 337> (__Interrupt23):<code 337> (__DefaultInterrupt)
                  0x000144          0x4 LONG 0xa06e DEFINED (__AltInterrupt24)?<code 337> (__AltInterrupt24):DEFINED (__Interrupt24)?<code 337> (__Interrupt24):<code 337> (__DefaultInterrupt)
                  0x000146          0x4 LONG 0xa06e DEFINED (__AltOC3Interrupt)?<code 337> (__AltOC3Interrupt):DEFINED (__OC3Interrupt)?<code 337> (__OC3Interrupt):<code 337> (__DefaultInterrupt)
                  0x000148          0x4 LONG 0xa06e DEFINED (__AltOC4Interrupt)?<code 337> (__AltOC4Interrupt):DEFINED (__OC4Interrupt)?<code 337> (__OC4Interrupt):<code 337> (__DefaultInterrupt)
                  0x00014a          0x4 LONG 0xa06e DEFINED (__AltT4Interrupt)?<code 337> (__AltT4Interrupt):DEFINED (__T4Interrupt)?<code 337> (__T4Interrupt):<code 337> (__DefaultInterrupt)
                  0x00014c          0x4 LONG 0xa06e DEFINED (__AltT5Interrupt)?<code 337> (__AltT5Interrupt):DEFINED (__T5Interrupt)?<code 337> (__T5Interrupt):<code 337> (__DefaultInterrupt)
                  0x00014e          0x4 LONG 0xa06e DEFINED (__AltINT2Interrupt)?<code 337> (__AltINT2Interrupt):DEFINED (__INT2Interrupt)?<code 337> (__INT2Interrupt):<code 337> (__DefaultInterrupt)
                  0x000150          0x4 LONG 0xa06e DEFINED (__AltU2RXInterrupt)?<code 337> (__AltU2RXInterrupt):DEFINED (__U2RXInterrupt)?<code 337> (__U2RXInterrupt):<code 337> (__DefaultInterrupt)
                  0x000152          0x4 LONG 0xa06e DEFINED (__AltU2TXInterrupt)?<code 337> (__AltU2TXInterrupt):DEFINED (__U2TXInterrupt)?<code 337> (__U2TXInterrupt):<code 337> (__DefaultInterrupt)
                  0x000154          0x4 LONG 0xa06e DEFINED (__AltSPI2ErrInterrupt)?<code 337> (__AltSPI2ErrInterrupt):DEFINED (__SPI2ErrInterrupt)?<code 337> (__SPI2ErrInterrupt):<code 337> (__DefaultInterrupt)
                  0x000156          0x4 LONG 0xa06e DEFINED (__AltSPI2Interrupt)?<code 337> (__AltSPI2Interrupt):DEFINED (__SPI2Interrupt)?<code 337> (__SPI2Interrupt):<code 337> (__DefaultInterrupt)
                  0x000158          0x4 LONG 0xa06e DEFINED (__AltInterrupt34)?<code 337> (__AltInterrupt34):DEFINED (__Interrupt34)?<code 337> (__Interrupt34):<code 337> (__DefaultInterrupt)
                  0x00015a          0x4 LONG 0xa06e DEFINED (__AltInterrupt35)?<code 337> (__AltInterrupt35):DEFINED (__Interrupt35)?<code 337> (__Interrupt35):<code 337> (__DefaultInterrupt)
                  0x00015c          0x4 LONG 0xa06e DEFINED (__AltInterrupt36)?<code 337> (__AltInterrupt36):DEFINED (__Interrupt36)?<code 337> (__Interrupt36):<code 337> (__DefaultInterrupt)
                  0x00015e          0x4 LONG 0xa06e DEFINED (__AltIC3Interrupt)?<code 337> (__AltIC3Interrupt):DEFINED (__IC3Interrupt)?<code 337> (__IC3Interrupt):<code 337> (__DefaultInterrupt)
                  0x000160          0x4 LONG 0xa06e DEFINED (__AltIC4Interrupt)?<code 337> (__AltIC4Interrupt):DEFINED (__IC4Interrupt)?<code 337> (__IC4Interrupt):<code 337> (__DefaultInterrupt)
                  0x000162          0x4 LONG 0xa06e DEFINED (__AltIC5Interrupt)?<code 337> (__AltIC5Interrupt):DEFINED (__IC5Interrupt)?<code 337> (__IC5Interrupt):<code 337> (__DefaultInterrupt)
                  0x000164          0x4 LONG 0xa06e DEFINED (__AltInterrupt40)?<code 337> (__AltInterrupt40):DEFINED (__Interrupt40)?<code 337> (__Interrupt40):<code 337> (__DefaultInterrupt)
                  0x000166          0x4 LONG 0xa06e DEFINED (__AltOC5Interrupt)?<code 337> (__AltOC5Interrupt):DEFINED (__OC5Interrupt)?<code 337> (__OC5Interrupt):<code 337> (__DefaultInterrupt)
                  0x000168          0x4 LONG 0xa06e DEFINED (__AltInterrupt42)?<code 337> (__AltInterrupt42):DEFINED (__Interrupt42)?<code 337> (__Interrupt42):<code 337> (__DefaultInterrupt)
                  0x00016a          0x4 LONG 0xa06e DEFINED (__AltInterrupt43)?<code 337> (__AltInterrupt43):DEFINED (__Interrupt43)?<code 337> (__Interrupt43):<code 337> (__DefaultInterrupt)
                  0x00016c          0x4 LONG 0xa06e DEFINED (__AltInterrupt44)?<code 337> (__AltInterrupt44):DEFINED (__Interrupt44)?<code 337> (__Interrupt44):<code 337> (__DefaultInterrupt)
                  0x00016e          0x4 LONG 0xa06e DEFINED (__AltPMPInterrupt)?<code 337> (__AltPMPInterrupt):DEFINED (__PMPInterrupt)?<code 337> (__PMPInterrupt):<code 337> (__DefaultInterrupt)
                  0x000170          0x4 LONG 0xa06e DEFINED (__AltInterrupt46)?<code 337> (__AltInterrupt46):DEFINED (__Interrupt46)?<code 337> (__Interrupt46):<code 337> (__DefaultInterrupt)
                  0x000172          0x4 LONG 0xa06e DEFINED (__AltInterrupt47)?<code 337> (__AltInterrupt47):DEFINED (__Interrupt47)?<code 337> (__Interrupt47):<code 337> (__DefaultInterrupt)
                  0x000174          0x4 LONG 0xa06e DEFINED (__AltInterrupt48)?<code 337> (__AltInterrupt48):DEFINED (__Interrupt48)?<code 337> (__Interrupt48):<code 337> (__DefaultInterrupt)
                  0x000176          0x4 LONG 0xa06e DEFINED (__AltSI2C2Interrupt)?<code 337> (__AltSI2C2Interrupt):DEFINED (__SI2C2Interrupt)?<code 337> (__SI2C2Interrupt):<code 337> (__DefaultInterrupt)
                  0x000178          0x4 LONG 0xa06e DEFINED (__AltMI2C2Interrupt)?<code 337> (__AltMI2C2Interrupt):DEFINED (__MI2C2Interrupt)?<code 337> (__MI2C2Interrupt):<code 337> (__DefaultInterrupt)
                  0x00017a          0x4 LONG 0xa06e DEFINED (__AltInterrupt51)?<code 337> (__AltInterrupt51):DEFINED (__Interrupt51)?<code 337> (__Interrupt51):<code 337> (__DefaultInterrupt)
                  0x00017c          0x4 LONG 0xa06e DEFINED (__AltInterrupt52)?<code 337> (__AltInterrupt52):DEFINED (__Interrupt52)?<code 337> (__Interrupt52):<code 337> (__DefaultInterrupt)
                  0x00017e          0x4 LONG 0xa06e DEFINED (__AltInterrupt53)?<code 337> (__AltInterrupt53):DEFINED (__Interrupt53)?<code 337> (__Interrupt53):<code 337> (__DefaultInterrupt)
                  0x000180          0x4 LONG 0xa06e DEFINED (__AltInterrupt54)?<code 337> (__AltInterrupt54):DEFINED (__Interrupt54)?<code 337> (__Interrupt54):<code 337> (__DefaultInterrupt)
                  0x000182          0x4 LONG 0xa06e DEFINED (__AltInterrupt55)?<code 337> (__AltInterrupt55):DEFINED (__Interrupt55)?<code 337> (__Interrupt55):<code 337> (__DefaultInterrupt)
                  0x000184          0x4 LONG 0xa06e DEFINED (__AltInterrupt56)?<code 337> (__AltInterrupt56):DEFINED (__Interrupt56)?<code 337> (__Interrupt56):<code 337> (__DefaultInterrupt)
                  0x000186          0x4 LONG 0xa06e DEFINED (__AltInterrupt57)?<code 337> (__AltInterrupt57):DEFINED (__Interrupt57)?<code 337> (__Interrupt57):<code 337> (__DefaultInterrupt)
                  0x000188          0x4 LONG 0xa06e DEFINED (__AltInterrupt58)?<code 337> (__AltInterrupt58):DEFINED (__Interrupt58)?<code 337> (__Interrupt58):<code 337> (__DefaultInterrupt)
                  0x00018a          0x4 LONG 0xa06e DEFINED (__AltInterrupt59)?<code 337> (__AltInterrupt59):DEFINED (__Interrupt59)?<code 337> (__Interrupt59):<code 337> (__DefaultInterrupt)
                  0x00018c          0x4 LONG 0xa06e DEFINED (__AltInterrupt60)?<code 337> (__AltInterrupt60):DEFINED (__Interrupt60)?<code 337> (__Interrupt60):<code 337> (__DefaultInterrupt)
                  0x00018e          0x4 LONG 0xa06e DEFINED (__AltInterrupt61)?<code 337> (__AltInterrupt61):DEFINED (__Interrupt61)?<code 337> (__Interrupt61):<code 337> (__DefaultInterrupt)
                  0x000190          0x4 LONG 0xa06e DEFINED (__AltRTCCInterrupt)?<code 337> (__AltRTCCInterrupt):DEFINED (__RTCCInterrupt)?<code 337> (__RTCCInterrupt):<code 337> (__DefaultInterrupt)
                  0x000192          0x4 LONG 0xa06e DEFINED (__AltInterrupt63)?<code 337> (__AltInterrupt63):DEFINED (__Interrupt63)?<code 337> (__Interrupt63):<code 337> (__DefaultInterrupt)
                  0x000194          0x4 LONG 0xa06e DEFINED (__AltInterrupt64)?<code 337> (__AltInterrupt64):DEFINED (__Interrupt64)?<code 337> (__Interrupt64):<code 337> (__DefaultInterrupt)
                  0x000196          0x4 LONG 0xa06e DEFINED (__AltU1ErrInterrupt)?<code 337> (__AltU1ErrInterrupt):DEFINED (__U1ErrInterrupt)?<code 337> (__U1ErrInterrupt):<code 337> (__DefaultInterrupt)
                  0x000198          0x4 LONG 0xa06e DEFINED (__AltU2ErrInterrupt)?<code 337> (__AltU2ErrInterrupt):DEFINED (__U2ErrInterrupt)?<code 337> (__U2ErrInterrupt):<code 337> (__DefaultInterrupt)
                  0x00019a          0x4 LONG 0xa06e DEFINED (__AltCRCInterrupt)?<code 337> (__AltCRCInterrupt):DEFINED (__CRCInterrupt)?<code 337> (__CRCInterrupt):<code 337> (__DefaultInterrupt)
                  0x00019c          0x4 LONG 0xa06e DEFINED (__AltInterrupt68)?<code 337> (__AltInterrupt68):DEFINED (__Interrupt68)?<code 337> (__Interrupt68):<code 337> (__DefaultInterrupt)
                  0x00019e          0x4 LONG 0xa06e DEFINED (__AltInterrupt69)?<code 337> (__AltInterrupt69):DEFINED (__Interrupt69)?<code 337> (__Interrupt69):<code 337> (__DefaultInterrupt)
                  0x0001a0          0x4 LONG 0xa06e DEFINED (__AltInterrupt70)?<code 337> (__AltInterrupt70):DEFINED (__Interrupt70)?<code 337> (__Interrupt70):<code 337> (__DefaultInterrupt)
                  0x0001a2          0x4 LONG 0xa06e DEFINED (__AltInterrupt71)?<code 337> (__AltInterrupt71):DEFINED (__Interrupt71)?<code 337> (__Interrupt71):<code 337> (__DefaultInterrupt)
                  0x0001a4          0x4 LONG 0xa06e DEFINED (__AltLVDInterrupt)?<code 337> (__AltLVDInterrupt):DEFINED (__LVDInterrupt)?<code 337> (__LVDInterrupt):<code 337> (__DefaultInterrupt)
                  0x0001a6          0x4 LONG 0xa06e DEFINED (__AltInterrupt73)?<code 337> (__AltInterrupt73):DEFINED (__Interrupt73)?<code 337> (__Interrupt73):<code 337> (__DefaultInterrupt)
                  0x0001a8          0x4 LONG 0xa06e DEFINED (__AltInterrupt74)?<code 337> (__AltInterrupt74):DEFINED (__Interrupt74)?<code 337> (__Interrupt74):<code 337> (__DefaultInterrupt)
                  0x0001aa          0x4 LONG 0xa06e DEFINED (__AltInterrupt75)?<code 337> (__AltInterrupt75):DEFINED (__Interrupt75)?<code 337> (__Interrupt75):<code 337> (__DefaultInterrupt)
                  0x0001ac          0x4 LONG 0xa06e DEFINED (__AltInterrupt76)?<code 337> (__AltInterrupt76):DEFINED (__Interrupt76)?<code 337> (__Interrupt76):<code 337> (__DefaultInterrupt)
                  0x0001ae          0x4 LONG 0xa06e DEFINED (__AltInterrupt77)?<code 337> (__AltInterrupt77):DEFINED (__Interrupt77)?<code 337> (__Interrupt77):<code 337> (__DefaultInterrupt)
                  0x0001b0          0x4 LONG 0xa06e DEFINED (__AltInterrupt78)?<code 337> (__AltInterrupt78):DEFINED (__Interrupt78)?<code 337> (__Interrupt78):<code 337> (__DefaultInterrupt)
                  0x0001b2          0x4 LONG 0xa06e DEFINED (__AltInterrupt79)?<code 337> (__AltInterrupt79):DEFINED (__Interrupt79)?<code 337> (__Interrupt79):<code 337> (__DefaultInterrupt)
                  0x0001b4          0x4 LONG 0xa06e DEFINED (__AltInterrupt80)?<code 337> (__AltInterrupt80):DEFINED (__Interrupt80)?<code 337> (__Interrupt80):<code 337> (__DefaultInterrupt)
                  0x0001b6          0x4 LONG 0xa06e DEFINED (__AltInterrupt81)?<code 337> (__AltInterrupt81):DEFINED (__Interrupt81)?<code 337> (__Interrupt81):<code 337> (__DefaultInterrupt)
                  0x0001b8          0x4 LONG 0xa06e DEFINED (__AltInterrupt82)?<code 337> (__AltInterrupt82):DEFINED (__Interrupt82)?<code 337> (__Interrupt82):<code 337> (__DefaultInterrupt)
                  0x0001ba          0x4 LONG 0xa06e DEFINED (__AltInterrupt83)?<code 337> (__AltInterrupt83):DEFINED (__Interrupt83)?<code 337> (__Interrupt83):<code 337> (__DefaultInterrupt)
                  0x0001bc          0x4 LONG 0xa06e DEFINED (__AltInterrupt84)?<code 337> (__AltInterrupt84):DEFINED (__Interrupt84)?<code 337> (__Interrupt84):<code 337> (__DefaultInterrupt)
                  0x0001be          0x4 LONG 0xa06e DEFINED (__AltInterrupt85)?<code 337> (__AltInterrupt85):DEFINED (__Interrupt85)?<code 337> (__Interrupt85):<code 337> (__DefaultInterrupt)
                  0x0001c0          0x4 LONG 0xa06e DEFINED (__AltInterrupt86)?<code 337> (__AltInterrupt86):DEFINED (__Interrupt86)?<code 337> (__Interrupt86):<code 337> (__DefaultInterrupt)
                  0x0001c2          0x4 LONG 0xa06e DEFINED (__AltInterrupt87)?<code 337> (__AltInterrupt87):DEFINED (__Interrupt87)?<code 337> (__Interrupt87):<code 337> (__DefaultInterrupt)
                  0x0001c4          0x4 LONG 0xa06e DEFINED (__AltInterrupt88)?<code 337> (__AltInterrupt88):DEFINED (__Interrupt88)?<code 337> (__Interrupt88):<code 337> (__DefaultInterrupt)
                  0x0001c6          0x4 LONG 0xa06e DEFINED (__AltInterrupt89)?<code 337> (__AltInterrupt89):DEFINED (__Interrupt89)?<code 337> (__Interrupt89):<code 337> (__DefaultInterrupt)
                  0x0001c8          0x4 LONG 0xa06e DEFINED (__AltInterrupt90)?<code 337> (__AltInterrupt90):DEFINED (__Interrupt90)?<code 337> (__Interrupt90):<code 337> (__DefaultInterrupt)
                  0x0001ca          0x4 LONG 0xa06e DEFINED (__AltInterrupt91)?<code 337> (__AltInterrupt91):DEFINED (__Interrupt91)?<code 337> (__Interrupt91):<code 337> (__DefaultInterrupt)
                  0x0001cc          0x4 LONG 0xa06e DEFINED (__AltInterrupt92)?<code 337> (__AltInterrupt92):DEFINED (__Interrupt92)?<code 337> (__Interrupt92):<code 337> (__DefaultInterrupt)
                  0x0001ce          0x4 LONG 0xa06e DEFINED (__AltInterrupt93)?<code 337> (__AltInterrupt93):DEFINED (__Interrupt93)?<code 337> (__Interrupt93):<code 337> (__DefaultInterrupt)
                  0x0001d0          0x4 LONG 0xa06e DEFINED (__AltInterrupt94)?<code 337> (__AltInterrupt94):DEFINED (__Interrupt94)?<code 337> (__Interrupt94):<code 337> (__DefaultInterrupt)
                  0x0001d2          0x4 LONG 0xa06e DEFINED (__AltInterrupt95)?<code 337> (__AltInterrupt95):DEFINED (__Interrupt95)?<code 337> (__Interrupt95):<code 337> (__DefaultInterrupt)
                  0x0001d4          0x4 LONG 0xa06e DEFINED (__AltInterrupt96)?<code 337> (__AltInterrupt96):DEFINED (__Interrupt96)?<code 337> (__Interrupt96):<code 337> (__DefaultInterrupt)
                  0x0001d6          0x4 LONG 0xa06e DEFINED (__AltInterrupt97)?<code 337> (__AltInterrupt97):DEFINED (__Interrupt97)?<code 337> (__Interrupt97):<code 337> (__DefaultInterrupt)
                  0x0001d8          0x4 LONG 0xa06e DEFINED (__AltInterrupt98)?<code 337> (__AltInterrupt98):DEFINED (__Interrupt98)?<code 337> (__Interrupt98):<code 337> (__DefaultInterrupt)
                  0x0001da          0x4 LONG 0xa06e DEFINED (__AltInterrupt99)?<code 337> (__AltInterrupt99):DEFINED (__Interrupt99)?<code 337> (__Interrupt99):<code 337> (__DefaultInterrupt)
                  0x0001dc          0x4 LONG 0xa06e DEFINED (__AltInterrupt100)?<code 337> (__AltInterrupt100):DEFINED (__Interrupt100)?<code 337> (__Interrupt100):<code 337> (__DefaultInterrupt)
                  0x0001de          0x4 LONG 0xa06e DEFINED (__AltInterrupt101)?<code 337> (__AltInterrupt101):DEFINED (__Interrupt101)?<code 337> (__Interrupt101):<code 337> (__DefaultInterrupt)
                  0x0001e0          0x4 LONG 0xa06e DEFINED (__AltInterrupt102)?<code 337> (__AltInterrupt102):DEFINED (__Interrupt102)?<code 337> (__Interrupt102):<code 337> (__DefaultInterrupt)
                  0x0001e2          0x4 LONG 0xa06e DEFINED (__AltInterrupt103)?<code 337> (__AltInterrupt103):DEFINED (__Interrupt103)?<code 337> (__Interrupt103):<code 337> (__DefaultInterrupt)
                  0x0001e4          0x4 LONG 0xa06e DEFINED (__AltInterrupt104)?<code 337> (__AltInterrupt104):DEFINED (__Interrupt104)?<code 337> (__Interrupt104):<code 337> (__DefaultInterrupt)
                  0x0001e6          0x4 LONG 0xa06e DEFINED (__AltInterrupt105)?<code 337> (__AltInterrupt105):DEFINED (__Interrupt105)?<code 337> (__Interrupt105):<code 337> (__DefaultInterrupt)
                  0x0001e8          0x4 LONG 0xa06e DEFINED (__AltInterrupt106)?<code 337> (__AltInterrupt106):DEFINED (__Interrupt106)?<code 337> (__Interrupt106):<code 337> (__DefaultInterrupt)
                  0x0001ea          0x4 LONG 0xa06e DEFINED (__AltInterrupt107)?<code 337> (__AltInterrupt107):DEFINED (__Interrupt107)?<code 337> (__Interrupt107):<code 337> (__DefaultInterrupt)
                  0x0001ec          0x4 LONG 0xa06e DEFINED (__AltInterrupt108)?<code 337> (__AltInterrupt108):DEFINED (__Interrupt108)?<code 337> (__Interrupt108):<code 337> (__DefaultInterrupt)
                  0x0001ee          0x4 LONG 0xa06e DEFINED (__AltInterrupt109)?<code 337> (__AltInterrupt109):DEFINED (__Interrupt109)?<code 337> (__Interrupt109):<code 337> (__DefaultInterrupt)
                  0x0001f0          0x4 LONG 0xa06e DEFINED (__AltInterrupt110)?<code 337> (__AltInterrupt110):DEFINED (__Interrupt110)?<code 337> (__Interrupt110):<code 337> (__DefaultInterrupt)
                  0x0001f2          0x4 LONG 0xa06e DEFINED (__AltInterrupt111)?<code 337> (__AltInterrupt111):DEFINED (__Interrupt111)?<code 337> (__Interrupt111):<code 337> (__DefaultInterrupt)
                  0x0001f4          0x4 LONG 0xa06e DEFINED (__AltInterrupt112)?<code 337> (__AltInterrupt112):DEFINED (__Interrupt112)?<code 337> (__Interrupt112):<code 337> (__DefaultInterrupt)
                  0x0001f6          0x4 LONG 0xa06e DEFINED (__AltInterrupt113)?<code 337> (__AltInterrupt113):DEFINED (__Interrupt113)?<code 337> (__Interrupt113):<code 337> (__DefaultInterrupt)
                  0x0001f8          0x4 LONG 0xa06e DEFINED (__AltInterrupt114)?<code 337> (__AltInterrupt114):DEFINED (__Interrupt114)?<code 337> (__Interrupt114):<code 337> (__DefaultInterrupt)
                  0x0001fa          0x4 LONG 0xa06e DEFINED (__AltInterrupt115)?<code 337> (__AltInterrupt115):DEFINED (__Interrupt115)?<code 337> (__Interrupt115):<code 337> (__DefaultInterrupt)
                  0x0001fc          0x4 LONG 0xa06e DEFINED (__AltInterrupt116)?<code 337> (__AltInterrupt116):DEFINED (__Interrupt116)?<code 337> (__Interrupt116):<code 337> (__DefaultInterrupt)
                  0x0001fe          0x4 LONG 0xa06e DEFINED (__AltInterrupt117)?<code 337> (__AltInterrupt117):DEFINED (__Interrupt117)?<code 337> (__Interrupt117):<code 337> (__DefaultInterrupt)
                    0x0000                  WREG0 = 0x0
                    0x0000                  _WREG0 = 0x0
                    0x0002                  WREG1 = 0x2
                    0x0002                  _WREG1 = 0x2
                    0x0004                  WREG2 = 0x4
                    0x0004                  _WREG2 = 0x4
                    0x0006                  WREG3 = 0x6
                    0x0006                  _WREG3 = 0x6
                    0x0008                  WREG4 = 0x8
                    0x0008                  _WREG4 = 0x8
                    0x000a                  WREG5 = 0xa
                    0x000a                  _WREG5 = 0xa
                    0x000c                  WREG6 = 0xc
                    0x000c                  _WREG6 = 0xc
                    0x000e                  WREG7 = 0xe
                    0x000e                  _WREG7 = 0xe
                    0x0010                  WREG8 = 0x10
                    0x0010                  _WREG8 = 0x10
                    0x0012                  WREG9 = 0x12
                    0x0012                  _WREG9 = 0x12
                    0x0014                  WREG10 = 0x14
                    0x0014                  _WREG10 = 0x14
                    0x0016                  WREG11 = 0x16
                    0x0016                  _WREG11 = 0x16
                    0x0018                  WREG12 = 0x18
                    0x0018                  _WREG12 = 0x18
                    0x001a                  WREG13 = 0x1a
                    0x001a                  _WREG13 = 0x1a
                    0x001c                  WREG14 = 0x1c
                    0x001c                  _WREG14 = 0x1c
                    0x001e                  WREG15 = 0x1e
                    0x001e                  _WREG15 = 0x1e
                    0x0020                  SPLIM = 0x20
                    0x0020                  _SPLIM = 0x20
                    0x002e                  PCL = 0x2e
                    0x002e                  _PCL = 0x2e
                    0x0030                  PCH = 0x30
                    0x0030                  _PCH = 0x30
                    0x0032                  TBLPAG = 0x32
                    0x0032                  _TBLPAG = 0x32
                    0x0034                  PSVPAG = 0x34
                    0x0034                  _PSVPAG = 0x34
                    0x0036                  RCOUNT = 0x36
                    0x0036                  _RCOUNT = 0x36
                    0x0042                  SR = 0x42
                    0x0042                  _SR = 0x42
                    0x0042                  _SRbits = 0x42
                    0x0044                  CORCON = 0x44
                    0x0044                  _CORCON = 0x44
                    0x0044                  _CORCONbits = 0x44
                    0x0052                  DISICNT = 0x52
                    0x0052                  _DISICNT = 0x52
                    0x0060                  CNEN1 = 0x60
                    0x0060                  _CNEN1 = 0x60
                    0x0060                  _CNEN1bits = 0x60
                    0x0062                  CNEN2 = 0x62
                    0x0062                  _CNEN2 = 0x62
                    0x0062                  _CNEN2bits = 0x62
                    0x0068                  CNPU1 = 0x68
                    0x0068                  _CNPU1 = 0x68
                    0x0068                  _CNPU1bits = 0x68
                    0x006a                  CNPU2 = 0x6a
                    0x006a                  _CNPU2 = 0x6a
                    0x006a                  _CNPU2bits = 0x6a
                    0x0080                  INTCON1 = 0x80
                    0x0080                  _INTCON1 = 0x80
                    0x0080                  _INTCON1bits = 0x80
                    0x0082                  INTCON2 = 0x82
                    0x0082                  _INTCON2 = 0x82
                    0x0082                  _INTCON2bits = 0x82
                    0x0084                  IFS0 = 0x84
                    0x0084                  _IFS0 = 0x84
                    0x0084                  _IFS0bits = 0x84
                    0x0086                  IFS1 = 0x86
                    0x0086                  _IFS1 = 0x86
                    0x0086                  _IFS1bits = 0x86
                    0x0088                  IFS2 = 0x88
                    0x0088                  _IFS2 = 0x88
                    0x0088                  _IFS2bits = 0x88
                    0x008a                  IFS3 = 0x8a
                    0x008a                  _IFS3 = 0x8a
                    0x008a                  _IFS3bits = 0x8a
                    0x008c                  IFS4 = 0x8c
                    0x008c                  _IFS4 = 0x8c
                    0x008c                  _IFS4bits = 0x8c
                    0x0094                  IEC0 = 0x94
                    0x0094                  _IEC0 = 0x94
                    0x0094                  _IEC0bits = 0x94
                    0x0096                  IEC1 = 0x96
                    0x0096                  _IEC1 = 0x96
                    0x0096                  _IEC1bits = 0x96
                    0x0098                  IEC2 = 0x98
                    0x0098                  _IEC2 = 0x98
                    0x0098                  _IEC2bits = 0x98
                    0x009a                  IEC3 = 0x9a
                    0x009a                  _IEC3 = 0x9a
                    0x009a                  _IEC3bits = 0x9a
                    0x009c                  IEC4 = 0x9c
                    0x009c                  _IEC4 = 0x9c
                    0x009c                  _IEC4bits = 0x9c
                    0x00a4                  IPC0 = 0xa4
                    0x00a4                  _IPC0 = 0xa4
                    0x00a4                  _IPC0bits = 0xa4
                    0x00a6                  IPC1 = 0xa6
                    0x00a6                  _IPC1 = 0xa6
                    0x00a6                  _IPC1bits = 0xa6
                    0x00a8                  IPC2 = 0xa8
                    0x00a8                  _IPC2 = 0xa8
                    0x00a8                  _IPC2bits = 0xa8
                    0x00aa                  IPC3 = 0xaa
                    0x00aa                  _IPC3 = 0xaa
                    0x00aa                  _IPC3bits = 0xaa
                    0x00ac                  IPC4 = 0xac
                    0x00ac                  _IPC4 = 0xac
                    0x00ac                  _IPC4bits = 0xac
                    0x00ae                  IPC5 = 0xae
                    0x00ae                  _IPC5 = 0xae
                    0x00ae                  _IPC5bits = 0xae
                    0x00b0                  IPC6 = 0xb0
                    0x00b0                  _IPC6 = 0xb0
                    0x00b0                  _IPC6bits = 0xb0
                    0x00b2                  IPC7 = 0xb2
                    0x00b2                  _IPC7 = 0xb2
                    0x00b2                  _IPC7bits = 0xb2
                    0x00b4                  IPC8 = 0xb4
                    0x00b4                  _IPC8 = 0xb4
                    0x00b4                  _IPC8bits = 0xb4
                    0x00b6                  IPC9 = 0xb6
                    0x00b6                  _IPC9 = 0xb6
                    0x00b6                  _IPC9bits = 0xb6
                    0x00b8                  IPC10 = 0xb8
                    0x00b8                  _IPC10 = 0xb8
                    0x00b8                  _IPC10bits = 0xb8
                    0x00ba                  IPC11 = 0xba
                    0x00ba                  _IPC11 = 0xba
                    0x00ba                  _IPC11bits = 0xba
                    0x00bc                  IPC12 = 0xbc
                    0x00bc                  _IPC12 = 0xbc
                    0x00bc                  _IPC12bits = 0xbc
                    0x00c2                  IPC15 = 0xc2
                    0x00c2                  _IPC15 = 0xc2
                    0x00c2                  _IPC15bits = 0xc2
                    0x00c4                  IPC16 = 0xc4
                    0x00c4                  _IPC16 = 0xc4
                    0x00c4                  _IPC16bits = 0xc4
                    0x00c8                  IPC18 = 0xc8
                    0x00c8                  _IPC18 = 0xc8
                    0x00c8                  _IPC18bits = 0xc8
                    0x0100                  TMR1 = 0x100
                    0x0100                  _TMR1 = 0x100
                    0x0102                  PR1 = 0x102
                    0x0102                  _PR1 = 0x102
                    0x0104                  T1CON = 0x104
                    0x0104                  _T1CON = 0x104
                    0x0104                  _T1CONbits = 0x104
                    0x0106                  TMR2 = 0x106
                    0x0106                  _TMR2 = 0x106
                    0x0108                  TMR3HLD = 0x108
                    0x0108                  _TMR3HLD = 0x108
                    0x010a                  TMR3 = 0x10a
                    0x010a                  _TMR3 = 0x10a
                    0x010c                  PR2 = 0x10c
                    0x010c                  _PR2 = 0x10c
                    0x010e                  PR3 = 0x10e
                    0x010e                  _PR3 = 0x10e
                    0x0110                  T2CON = 0x110
                    0x0110                  _T2CON = 0x110
                    0x0110                  _T2CONbits = 0x110
                    0x0112                  T3CON = 0x112
                    0x0112                  _T3CON = 0x112
                    0x0112                  _T3CONbits = 0x112
                    0x0114                  TMR4 = 0x114
                    0x0114                  _TMR4 = 0x114
                    0x0116                  TMR5HLD = 0x116
                    0x0116                  _TMR5HLD = 0x116
                    0x0118                  TMR5 = 0x118
                    0x0118                  _TMR5 = 0x118
                    0x011a                  PR4 = 0x11a
                    0x011a                  _PR4 = 0x11a
                    0x011c                  PR5 = 0x11c
                    0x011c                  _PR5 = 0x11c
                    0x011e                  T4CON = 0x11e
                    0x011e                  _T4CON = 0x11e
                    0x011e                  _T4CONbits = 0x11e
                    0x0120                  T5CON = 0x120
                    0x0120                  _T5CON = 0x120
                    0x0120                  _T5CONbits = 0x120
                    0x0140                  IC1BUF = 0x140
                    0x0140                  _IC1BUF = 0x140
                    0x0142                  IC1CON = 0x142
                    0x0142                  _IC1CON = 0x142
                    0x0142                  _IC1CONbits = 0x142
                    0x0144                  IC2BUF = 0x144
                    0x0144                  _IC2BUF = 0x144
                    0x0146                  IC2CON = 0x146
                    0x0146                  _IC2CON = 0x146
                    0x0146                  _IC2CONbits = 0x146
                    0x0148                  IC3BUF = 0x148
                    0x0148                  _IC3BUF = 0x148
                    0x014a                  IC3CON = 0x14a
                    0x014a                  _IC3CON = 0x14a
                    0x014a                  _IC3CONbits = 0x14a
                    0x014c                  IC4BUF = 0x14c
                    0x014c                  _IC4BUF = 0x14c
                    0x014e                  IC4CON = 0x14e
                    0x014e                  _IC4CON = 0x14e
                    0x014e                  _IC4CONbits = 0x14e
                    0x0150                  IC5BUF = 0x150
                    0x0150                  _IC5BUF = 0x150
                    0x0152                  IC5CON = 0x152
                    0x0152                  _IC5CON = 0x152
                    0x0152                  _IC5CONbits = 0x152
                    0x0180                  OC1RS = 0x180
                    0x0180                  _OC1RS = 0x180
                    0x0182                  OC1R = 0x182
                    0x0182                  _OC1R = 0x182
                    0x0184                  OC1CON = 0x184
                    0x0184                  _OC1CON = 0x184
                    0x0184                  _OC1CONbits = 0x184
                    0x0186                  OC2RS = 0x186
                    0x0186                  _OC2RS = 0x186
                    0x0188                  OC2R = 0x188
                    0x0188                  _OC2R = 0x188
                    0x018a                  OC2CON = 0x18a
                    0x018a                  _OC2CON = 0x18a
                    0x018a                  _OC2CONbits = 0x18a
                    0x018c                  OC3RS = 0x18c
                    0x018c                  _OC3RS = 0x18c
                    0x018e                  OC3R = 0x18e
                    0x018e                  _OC3R = 0x18e
                    0x0190                  OC3CON = 0x190
                    0x0190                  _OC3CON = 0x190
                    0x0190                  _OC3CONbits = 0x190
                    0x0192                  OC4RS = 0x192
                    0x0192                  _OC4RS = 0x192
                    0x0194                  OC4R = 0x194
                    0x0194                  _OC4R = 0x194
                    0x0196                  OC4CON = 0x196
                    0x0196                  _OC4CON = 0x196
                    0x0196                  _OC4CONbits = 0x196
                    0x0198                  OC5RS = 0x198
                    0x0198                  _OC5RS = 0x198
                    0x019a                  OC5R = 0x19a
                    0x019a                  _OC5R = 0x19a
                    0x019c                  OC5CON = 0x19c
                    0x019c                  _OC5CON = 0x19c
                    0x019c                  _OC5CONbits = 0x19c
                    0x0200                  I2C1RCV = 0x200
                    0x0200                  _I2C1RCV = 0x200
                    0x0202                  I2C1TRN = 0x202
                    0x0202                  _I2C1TRN = 0x202
                    0x0204                  I2C1BRG = 0x204
                    0x0204                  _I2C1BRG = 0x204
                    0x0206                  I2C1CON = 0x206
                    0x0206                  _I2C1CON = 0x206
                    0x0206                  _I2C1CONbits = 0x206
                    0x0208                  I2C1STAT = 0x208
                    0x0208                  _I2C1STAT = 0x208
                    0x0208                  _I2C1STATbits = 0x208
                    0x020a                  I2C1ADD = 0x20a
                    0x020a                  _I2C1ADD = 0x20a
                    0x020c                  I2C1MSK = 0x20c
                    0x020c                  _I2C1MSK = 0x20c
                    0x0210                  I2C2RCV = 0x210
                    0x0210                  _I2C2RCV = 0x210
                    0x0212                  I2C2TRN = 0x212
                    0x0212                  _I2C2TRN = 0x212
                    0x0214                  I2C2BRG = 0x214
                    0x0214                  _I2C2BRG = 0x214
                    0x0216                  I2C2CON = 0x216
                    0x0216                  _I2C2CON = 0x216
                    0x0216                  _I2C2CONbits = 0x216
                    0x0218                  I2C2STAT = 0x218
                    0x0218                  _I2C2STAT = 0x218
                    0x0218                  _I2C2STATbits = 0x218
                    0x021a                  I2C2ADD = 0x21a
                    0x021a                  _I2C2ADD = 0x21a
                    0x021c                  I2C2MSK = 0x21c
                    0x021c                  _I2C2MSK = 0x21c
                    0x0220                  U1MODE = 0x220
                    0x0220                  _U1MODE = 0x220
                    0x0220                  _U1MODEbits = 0x220
                    0x0222                  U1STA = 0x222
                    0x0222                  _U1STA = 0x222
                    0x0222                  _U1STAbits = 0x222
                    0x0224                  U1TXREG = 0x224
                    0x0224                  _U1TXREG = 0x224
                    0x0226                  U1RXREG = 0x226
                    0x0226                  _U1RXREG = 0x226
                    0x0228                  U1BRG = 0x228
                    0x0228                  _U1BRG = 0x228
                    0x0230                  U2MODE = 0x230
                    0x0230                  _U2MODE = 0x230
                    0x0230                  _U2MODEbits = 0x230
                    0x0232                  U2STA = 0x232
                    0x0232                  _U2STA = 0x232
                    0x0232                  _U2STAbits = 0x232
                    0x0234                  U2TXREG = 0x234
                    0x0234                  _U2TXREG = 0x234
                    0x0236                  U2RXREG = 0x236
                    0x0236                  _U2RXREG = 0x236
                    0x0238                  U2BRG = 0x238
                    0x0238                  _U2BRG = 0x238
                    0x0240                  SPI1STAT = 0x240
                    0x0240                  _SPI1STAT = 0x240
                    0x0240                  _SPI1STATbits = 0x240
                    0x0242                  SPI1CON1 = 0x242
                    0x0242                  _SPI1CON1 = 0x242
                    0x0242                  _SPI1CON1bits = 0x242
                    0x0244                  SPI1CON2 = 0x244
                    0x0244                  _SPI1CON2 = 0x244
                    0x0244                  _SPI1CON2bits = 0x244
                    0x0248                  SPI1BUF = 0x248
                    0x0248                  _SPI1BUF = 0x248
                    0x0260                  SPI2STAT = 0x260
                    0x0260                  _SPI2STAT = 0x260
                    0x0260                  _SPI2STATbits = 0x260
                    0x0262                  SPI2CON1 = 0x262
                    0x0262                  _SPI2CON1 = 0x262
                    0x0262                  _SPI2CON1bits = 0x262
                    0x0264                  SPI2CON2 = 0x264
                    0x0264                  _SPI2CON2 = 0x264
                    0x0264                  _SPI2CON2bits = 0x264
                    0x0268                  SPI2BUF = 0x268
                    0x0268                  _SPI2BUF = 0x268
                    0x02c0                  TRISA = 0x2c0
                    0x02c0                  _TRISA = 0x2c0
                    0x02c0                  _TRISAbits = 0x2c0
                    0x02c2                  PORTA = 0x2c2
                    0x02c2                  _PORTA = 0x2c2
                    0x02c2                  _PORTAbits = 0x2c2
                    0x02c4                  LATA = 0x2c4
                    0x02c4                  _LATA = 0x2c4
                    0x02c4                  _LATAbits = 0x2c4
                    0x02c6                  ODCA = 0x2c6
                    0x02c6                  _ODCA = 0x2c6
                    0x02c6                  _ODCAbits = 0x2c6
                    0x02c8                  TRISB = 0x2c8
                    0x02c8                  _TRISB = 0x2c8
                    0x02c8                  _TRISBbits = 0x2c8
                    0x02ca                  PORTB = 0x2ca
                    0x02ca                  _PORTB = 0x2ca
                    0x02ca                  _PORTBbits = 0x2ca
                    0x02cc                  LATB = 0x2cc
                    0x02cc                  _LATB = 0x2cc
                    0x02cc                  _LATBbits = 0x2cc
                    0x02ce                  ODCB = 0x2ce
                    0x02ce                  _ODCB = 0x2ce
                    0x02ce                  _ODCBbits = 0x2ce
                    0x02d0                  TRISC = 0x2d0
                    0x02d0                  _TRISC = 0x2d0
                    0x02d0                  _TRISCbits = 0x2d0
                    0x02d2                  PORTC = 0x2d2
                    0x02d2                  _PORTC = 0x2d2
                    0x02d2                  _PORTCbits = 0x2d2
                    0x02d4                  LATC = 0x2d4
                    0x02d4                  _LATC = 0x2d4
                    0x02d4                  _LATCbits = 0x2d4
                    0x02d6                  ODCC = 0x2d6
                    0x02d6                  _ODCC = 0x2d6
                    0x02d6                  _ODCCbits = 0x2d6
                    0x02fc                  PADCFG1 = 0x2fc
                    0x02fc                  _PADCFG1 = 0x2fc
                    0x02fc                  _PADCFG1bits = 0x2fc
                    0x0300                  ADC1BUF0 = 0x300
                    0x0300                  _ADC1BUF0 = 0x300
                    0x0302                  ADC1BUF1 = 0x302
                    0x0302                  _ADC1BUF1 = 0x302
                    0x0304                  ADC1BUF2 = 0x304
                    0x0304                  _ADC1BUF2 = 0x304
                    0x0306                  ADC1BUF3 = 0x306
                    0x0306                  _ADC1BUF3 = 0x306
                    0x0308                  ADC1BUF4 = 0x308
                    0x0308                  _ADC1BUF4 = 0x308
                    0x030a                  ADC1BUF5 = 0x30a
                    0x030a                  _ADC1BUF5 = 0x30a
                    0x030c                  ADC1BUF6 = 0x30c
                    0x030c                  _ADC1BUF6 = 0x30c
                    0x030e                  ADC1BUF7 = 0x30e
                    0x030e                  _ADC1BUF7 = 0x30e
                    0x0310                  ADC1BUF8 = 0x310
                    0x0310                  _ADC1BUF8 = 0x310
                    0x0312                  ADC1BUF9 = 0x312
                    0x0312                  _ADC1BUF9 = 0x312
                    0x0314                  ADC1BUFA = 0x314
                    0x0314                  _ADC1BUFA = 0x314
                    0x0316                  ADC1BUFB = 0x316
                    0x0316                  _ADC1BUFB = 0x316
                    0x0318                  ADC1BUFC = 0x318
                    0x0318                  _ADC1BUFC = 0x318
                    0x031a                  ADC1BUFD = 0x31a
                    0x031a                  _ADC1BUFD = 0x31a
                    0x031c                  ADC1BUFE = 0x31c
                    0x031c                  _ADC1BUFE = 0x31c
                    0x031e                  ADC1BUFF = 0x31e
                    0x031e                  _ADC1BUFF = 0x31e
                    0x0320                  AD1CON1 = 0x320
                    0x0320                  _AD1CON1 = 0x320
                    0x0320                  _AD1CON1bits = 0x320
                    0x0322                  AD1CON2 = 0x322
                    0x0322                  _AD1CON2 = 0x322
                    0x0322                  _AD1CON2bits = 0x322
                    0x0324                  AD1CON3 = 0x324
                    0x0324                  _AD1CON3 = 0x324
                    0x0324                  _AD1CON3bits = 0x324
                    0x0328                  AD1CHS = 0x328
                    0x0328                  _AD1CHS = 0x328
                    0x0328                  _AD1CHSbits = 0x328
                    0x032c                  AD1PCFG = 0x32c
                    0x032c                  _AD1PCFG = 0x32c
                    0x032c                  _AD1PCFGbits = 0x32c
                    0x0330                  AD1CSSL = 0x330
                    0x0330                  _AD1CSSL = 0x330
                    0x0330                  _AD1CSSLbits = 0x330
                    0x0600                  PMCON = 0x600
                    0x0600                  _PMCON = 0x600
                    0x0600                  _PMCONbits = 0x600
                    0x0602                  PMMODE = 0x602
                    0x0602                  _PMMODE = 0x602
                    0x0602                  _PMMODEbits = 0x602
                    0x0604                  PMADDR = 0x604
                    0x0604                  _PMADDR = 0x604
                    0x0604                  _PMADDRbits = 0x604
                    0x0604                  PMDOUT1 = 0x604
                    0x0604                  _PMDOUT1 = 0x604
                    0x0606                  PMDOUT2 = 0x606
                    0x0606                  _PMDOUT2 = 0x606
                    0x0608                  PMDIN1 = 0x608
                    0x0608                  _PMDIN1 = 0x608
                    0x060a                  PMDIN2 = 0x60a
                    0x060a                  _PMDIN2 = 0x60a
                    0x060c                  PMAEN = 0x60c
                    0x060c                  _PMAEN = 0x60c
                    0x060c                  _PMAENbits = 0x60c
                    0x060e                  PMSTAT = 0x60e
                    0x060e                  _PMSTAT = 0x60e
                    0x060e                  _PMSTATbits = 0x60e
                    0x0620                  ALRMVAL = 0x620
                    0x0620                  _ALRMVAL = 0x620
                    0x0622                  ALCFGRPT = 0x622
                    0x0622                  _ALCFGRPT = 0x622
                    0x0622                  _ALCFGRPTbits = 0x622
                    0x0624                  RTCVAL = 0x624
                    0x0624                  _RTCVAL = 0x624
                    0x0626                  RCFGCAL = 0x626
                    0x0626                  _RCFGCAL = 0x626
                    0x0626                  _RCFGCALbits = 0x626
                    0x0630                  CMCON = 0x630
                    0x0630                  _CMCON = 0x630
                    0x0630                  _CMCONbits = 0x630
                    0x0632                  CVRCON = 0x632
                    0x0632                  _CVRCON = 0x632
                    0x0632                  _CVRCONbits = 0x632
                    0x0640                  CRCCON = 0x640
                    0x0640                  _CRCCON = 0x640
                    0x0640                  _CRCCONbits = 0x640
                    0x0642                  CRCXOR = 0x642
                    0x0642                  _CRCXOR = 0x642
                    0x0642                  _CRCXORbits = 0x642
                    0x0644                  CRCDAT = 0x644
                    0x0644                  _CRCDAT = 0x644
                    0x0646                  CRCWDAT = 0x646
                    0x0646                  _CRCWDAT = 0x646
                    0x0680                  RPINR0 = 0x680
                    0x0680                  _RPINR0 = 0x680
                    0x0680                  _RPINR0bits = 0x680
                    0x0682                  RPINR1 = 0x682
                    0x0682                  _RPINR1 = 0x682
                    0x0682                  _RPINR1bits = 0x682
                    0x0686                  RPINR3 = 0x686
                    0x0686                  _RPINR3 = 0x686
                    0x0686                  _RPINR3bits = 0x686
                    0x0688                  RPINR4 = 0x688
                    0x0688                  _RPINR4 = 0x688
                    0x0688                  _RPINR4bits = 0x688
                    0x068e                  RPINR7 = 0x68e
                    0x068e                  _RPINR7 = 0x68e
                    0x068e                  _RPINR7bits = 0x68e
                    0x0690                  RPINR8 = 0x690
                    0x0690                  _RPINR8 = 0x690
                    0x0690                  _RPINR8bits = 0x690
                    0x0692                  RPINR9 = 0x692
                    0x0692                  _RPINR9 = 0x692
                    0x0692                  _RPINR9bits = 0x692
                    0x0696                  RPINR11 = 0x696
                    0x0696                  _RPINR11 = 0x696
                    0x0696                  _RPINR11bits = 0x696
                    0x06a4                  RPINR18 = 0x6a4
                    0x06a4                  _RPINR18 = 0x6a4
                    0x06a4                  _RPINR18bits = 0x6a4
                    0x06a6                  RPINR19 = 0x6a6
                    0x06a6                  _RPINR19 = 0x6a6
                    0x06a6                  _RPINR19bits = 0x6a6
                    0x06a8                  RPINR20 = 0x6a8
                    0x06a8                  _RPINR20 = 0x6a8
                    0x06a8                  _RPINR20bits = 0x6a8
                    0x06aa                  RPINR21 = 0x6aa
                    0x06aa                  _RPINR21 = 0x6aa
                    0x06aa                  _RPINR21bits = 0x6aa
                    0x06ac                  RPINR22 = 0x6ac
                    0x06ac                  _RPINR22 = 0x6ac
                    0x06ac                  _RPINR22bits = 0x6ac
                    0x06ae                  RPINR23 = 0x6ae
                    0x06ae                  _RPINR23 = 0x6ae
                    0x06ae                  _RPINR23bits = 0x6ae
                    0x06c0                  RPOR0 = 0x6c0
                    0x06c0                  _RPOR0 = 0x6c0
                    0x06c0                  _RPOR0bits = 0x6c0
                    0x06c2                  RPOR1 = 0x6c2
                    0x06c2                  _RPOR1 = 0x6c2
                    0x06c2                  _RPOR1bits = 0x6c2
                    0x06c4                  RPOR2 = 0x6c4
                    0x06c4                  _RPOR2 = 0x6c4
                    0x06c4                  _RPOR2bits = 0x6c4
                    0x06c6                  RPOR3 = 0x6c6
                    0x06c6                  _RPOR3 = 0x6c6
                    0x06c6                  _RPOR3bits = 0x6c6
                    0x06c8                  RPOR4 = 0x6c8
                    0x06c8                  _RPOR4 = 0x6c8
                    0x06c8                  _RPOR4bits = 0x6c8
                    0x06ca                  RPOR5 = 0x6ca
                    0x06ca                  _RPOR5 = 0x6ca
                    0x06ca                  _RPOR5bits = 0x6ca
                    0x06cc                  RPOR6 = 0x6cc
                    0x06cc                  _RPOR6 = 0x6cc
                    0x06cc                  _RPOR6bits = 0x6cc
                    0x06ce                  RPOR7 = 0x6ce
                    0x06ce                  _RPOR7 = 0x6ce